******************************************************************************
                  TI ARM Linker PC v20.2.6                     
******************************************************************************
>> Linked Mon Aug 15 00:50:27 2022

OUTPUT FILE NAME:   <gpiointerrupt_CC3220S_LAUNCHXL_nortos_ccs.out>
ENTRY POINT SYMBOL: "resetISR"  address: 20012aed


MEMORY CONFIGURATION

         name            origin    length      used     unused   attr    fill
----------------------  --------  ---------  --------  --------  ----  --------
  SRAM2                 20000000   00004000  0000130c  00002cf4  RW X
  SRAM                  20004000   0003c000  0001040e  0002bbf2  RW X
  LOG_DATA              90000000   00040000  00000000  00040000  R   


SEGMENT ALLOCATION MAP

run origin  load origin   length   init length attrs members
----------  ----------- ---------- ----------- ----- -------
20003000    20003000    00001000   00000000    rw-
  20003000    20003000    00001000   00000000    rw- .stack
20004000    20004000    00000040   00000040    r--
  20004000    20004000    00000040   00000040    r-- .resetVecs
20004040    20004040    00008000   00000000    rw-
  20004040    20004040    00008000   00000000    rw- .sysmem
2000c040    2000c040    00007028   00007028    r-x
  2000c040    2000c040    00007028   00007028    r-x .text
20013068    20013068    00000d44   00000000    rw-
  20013068    20013068    000007a8   00000000    rw- .data
  20013810    20013810    0000059c   00000000    rw- .bss
20013dac    20013dac    0000051a   0000051a    r--
  20013dac    20013dac    0000051a   0000051a    r-- .const
200142c8    200142c8    00000148   00000148    r--
  200142c8    200142c8    00000148   00000148    r-- .cinit


SECTION ALLOCATION MAP

 output                                  attributes/
section   page    origin      length       input sections
--------  ----  ----------  ----------   ----------------
.text      0    2000c040    00007028     
                  2000c040    00000a4e     rtsv7M4_T_le_eabi.lib : _printfi.c.obj (.text:__TI_printfi)
                  2000ca8e    00000002     ti_drivers_config.obj (.text:Board_initHook)
                  2000ca90    0000042c     driverlib.a : prcm.obj (.text:PRCMCC3200MCUInit)
                  2000cebc    00000288     drivers_cc32xx.a : UARTCC32XX.oem4 (.text:UARTCC32XX_open)
                  2000d144    00000268     rtsv7M4_T_le_eabi.lib : _printfi.c.obj (.text:_pconv_a)
                  2000d3ac    00000250     gpiointerrupt.obj (.text:initI2C)
                  2000d5fc    000001e4     drivers_cc32xx.a : GPIOCC32XX.oem4 (.text:GPIO_setConfig)
                  2000d7e0    000001cc     rtsv7M4_T_le_eabi.lib : _printfi.c.obj (.text:_pconv_g)
                  2000d9ac    000001b6                           : fd_add_t2.asm.obj (.text)
                  2000db62    00000002     drivers_cc32xx.a : I2C.oem4 (.text:I2C_init)
                  2000db64    0000019c     nortos_cc32xx.a : PowerCC32XX_nortos.oem4 (.text:PowerCC32XX_sleepPolicy)
                  2000dd00    0000014c     gpiointerrupt.obj (.text:mainThread)
                  2000de4c    00000148     drivers_cc32xx.a : I2CCC32XX.oem4 (.text:I2CCC32XX_hwiFxn)
                  2000df94    00000148                      : PowerCC32XX.oem4 (.text:parkPins)
                  2000e0dc    0000013c     rtsv7M4_T_le_eabi.lib : _printfi.c.obj (.text:_pconv_e)
                  2000e218    00000138     drivers_cc32xx.a : PowerCC32XX.oem4 (.text:Power_sleep)
                  2000e350    00000136     rtsv7M4_T_le_eabi.lib : fd_div_t2.asm.obj (.text)
                  2000e486    00000002     nortos_cc32xx.a : PowerCC32XX_nortos.oem4 (.text:PowerCC32XX_initPolicy)
                  2000e488    00000128     drivers_cc32xx.a : TimerCC32XX.oem4 (.text:TimerCC32XX_open)
                  2000e5b0    00000122                      : I2C.oem4 (.text:I2C_transferTimeout)
                  2000e6d2    00000002                      : TimerCC32XX.oem4 (.text:TimerCC32XX_init)
                  2000e6d4    00000120                      : UARTCC32XX.oem4 (.text:UARTCC32XX_close)
                  2000e7f4    00000120     rtsv7M4_T_le_eabi.lib : _printfi.c.obj (.text:fcvt)
                  2000e914    00000114                           : fputs.c.obj (.text:fputs)
                  2000ea28    00000100                           : memory.c.obj (.text:aligned_alloc)
                  2000eb28    000000fc     drivers_cc32xx.a : I2CCC32XX.oem4 (.text:I2C_open)
                  2000ec24    000000fc     rtsv7M4_T_le_eabi.lib : fd_mul_t2.asm.obj (.text)
                  2000ed20    000000f2     drivers_cc32xx.a : UARTCC32XX.oem4 (.text:UARTCC32XX_control)
                  2000ee12    00000002                      : UARTCC32XX.oem4 (.text:UARTCC32XX_init)
                  2000ee14    000000f0     gpiointerrupt.obj (.text:readTemp)
                  2000ef04    000000e4     rtsv7M4_T_le_eabi.lib : memory.c.obj (.text:free)
                  2000efe8    000000dc                           : setvbuf.c.obj (.text:setvbuf)
                  2000f0c4    000000d0                           : s_scalbn.c.obj (.text:scalbn)
                  2000f194    000000ca     drivers_cc32xx.a : UARTCC32XX.oem4 (.text:UARTCC32XX_write)
                  2000f25e    00000002     rtsv7M4_T_le_eabi.lib : _lock.c.obj (.text:_nop)
                  2000f260    000000c4     drivers_cc32xx.a : GPIOCC32XX.oem4 (.text:GPIO_init)
                  2000f324    000000c0                      : PowerCC32XX.oem4 (.text:restoreParkedPins)
                  2000f3e4    000000ba                      : UARTCC32XX.oem4 (.text:UARTCC32XX_readPolling)
                  2000f49e    00000002     nortos_cc32xx.a : startup_cc32xx_ccs.oem4 (.text:busFaultHandler)
                  2000f4a0    000000b8     drivers_cc32xx.a : UARTCC32XX.oem4 (.text:initHw)
                  2000f558    000000b6                      : UARTCC32XX.oem4 (.text:readTaskCallback)
                  2000f60e    00000002     nortos_cc32xx.a : SemaphoreP_nortos.oem4 (.text:clkFxn)
                  2000f610    000000b4     gpiointerrupt.obj (.text:updateLED)
                  2000f6c4    000000b2     drivers_cc32xx.a : I2CCC32XX.oem4 (.text:I2CCC32XX_completeTransfer)
                  2000f776    00000002     nortos_cc32xx.a : startup_cc32xx_ccs.oem4 (.text:defaultHandler)
                  2000f778    000000b1     rtsv7M4_T_le_eabi.lib : _printfi.c.obj (.text:_ltostr)
                  2000f829    00000001     --HOLE-- [fill = 0]
                  2000f82a    000000b0     drivers_cc32xx.a : UARTCC32XX.oem4 (.text:readTaskBlocking)
                  2000f8da    000000ae                      : UARTCC32XX.oem4 (.text:readIsrTextBlocking)
                  2000f988    000000a8                      : I2CCC32XX.oem4 (.text:I2CCC32XX_primeWriteBurst)
                  2000fa30    000000a8     driverlib.a : interrupt.obj (.text:IntEnable)
                  2000fad8    000000a8     drivers_cc32xx.a : PowerCC32XX.oem4 (.text:PowerCC32XX_configureWakeup)
                  2000fb80    000000a2                      : UARTCC32XX.oem4 (.text:readIsrTextCallback)
                  2000fc22    000000a2                      : UARTCC32XX.oem4 (.text:writeData)
                  2000fcc4    000000a0     nortos_cc32xx.a : SemaphoreP_nortos.oem4 (.text:SemaphoreP_pend)
                  2000fd64    0000009c     drivers_cc32xx.a : I2CCC32XX.oem4 (.text:I2CCC32XX_initHw)
                  2000fe00    0000009c     rtsv7M4_T_le_eabi.lib : memcpy_t2.asm.obj (.text)
                  2000fe9c    00000098     drivers_cc32xx.a : GPIOCC32XX.oem4 (.text:powerNotifyFxn)
                  2000ff34    00000096     rtsv7M4_T_le_eabi.lib : ull_div_t2.asm.obj (.text)
                  2000ffca    00000002     nortos_cc32xx.a : startup_cc32xx_ccs.oem4 (.text:faultISR)
                  2000ffcc    00000090     drivers_cc32xx.a : PowerCC32XX.oem4 (.text:restoreNVICRegs)
                  2001005c    0000008c     nortos_cc32xx.a : HwiPCC32XX_nortos.oem4 (.text:HwiP_construct)
                  200100e8    0000008c     rtsv7M4_T_le_eabi.lib : fputc.c.obj (.text:fputc)
                  20010174    00000088     driverlib.a : interrupt.obj (.text:IntPendSet)
                  200101fc    00000088                 : pin.obj (.text:PinConfigSet)
                  20010284    00000088     drivers_cc32xx.a : TimerCC32XX.oem4 (.text:TimerCC32XX_setPeriod)
                  2001030c    00000088     gpiointerrupt.obj (.text:timerCallback)
                  20010394    00000086     rtsv7M4_T_le_eabi.lib : fd_cmp_t2.asm.obj (.text:__aeabi_cdcmple)
                  2001041a    00000086                           : fd_cmp_t2.asm.obj (.text:__aeabi_cdrcmple)
                  200104a0    00000084     drivers_cc32xx.a : PowerCC32XX.oem4 (.text:Power_init)
                  20010524    00000084                      : PowerCC32XX.oem4 (.text:saveNVICRegs)
                  200105a8    00000080                      : PowerCC32XX.oem4 (.text:Power_setDependency)
                  20010628    0000007c                      : UARTCC32XX.oem4 (.text:readIsrBinaryBlocking)
                  200106a4    0000007a                      : I2CCC32XX.oem4 (.text:I2CCC32XX_primeReadBurst)
                  2001071e    0000007a     rtsv7M4_T_le_eabi.lib : fs_mul_t2.asm.obj (.text)
                  20010798    0000007a                           : memset_t2.asm.obj (.text)
                  20010812    00000002     nortos_cc32xx.a : startup_cc32xx_ccs.oem4 (.text:nmiISR)
                  20010814    00000078     drivers_cc32xx.a : GPIOCC32XX.oem4 (.text:GPIO_hwiIntFxn)
                  2001088c    00000078                      : TimerCC32XX.oem4 (.text:TimerCC32XX_start)
                  20010904    00000078                      : UARTCC32XX.oem4 (.text:readIsrBinaryCallback)
                  2001097c    00000074                      : UARTCC32XX.oem4 (.text:UARTCC32XX_hwiIntFxn)
                  200109f0    00000074     rtsv7M4_T_le_eabi.lib : fclose.c.obj (.text:__TI_closefile)
                  20010a64    00000070                           : memory.c.obj (.text:split)
                  20010ad4    0000006e                           : _printfi.c.obj (.text:_mcpy)
                  20010b42    00000002                           : div0.asm.obj (.text)
                  20010b44    0000006c                           : hostrename.c.obj (.text:HOSTrename)
                  20010bb0    0000006a     drivers_cc32xx.a : I2CCC32XX.oem4 (.text:I2CSupport_primeTransfer)
                  20010c1a    00000002     --HOLE-- [fill = 0]
                  20010c1c    00000068     rtsv7M4_T_le_eabi.lib : hostlseek.c.obj (.text:HOSTlseek)
                  20010c84    00000068                           : copy_decompress_lzss.c.obj (.text:decompress:lzss:__TI_decompress_lzss)
                  20010cec    00000068                           : printf.c.obj (.text:printf)
                  20010d54    00000066     drivers_cc32xx.a : UARTCC32XX.oem4 (.text:UARTCC32XX_writeCancel)
                  20010dba    00000002     --HOLE-- [fill = 0]
                  20010dbc    00000064                      : PowerCC32XX.oem4 (.text:PowerCC32XX_setParkState)
                  20010e20    00000064     rtsv7M4_T_le_eabi.lib : fseek.c.obj (.text:fseek)
                  20010e84    00000062     drivers_cc32xx.a : UARTCC32XX.oem4 (.text:UARTCC32XX_writePolling)
                  20010ee6    00000062     rtsv7M4_T_le_eabi.lib : _io_perm.c.obj (.text:__TI_wrt_ok)
                  20010f48    00000060                           : hostopen.c.obj (.text:HOSTopen)
                  20010fa8    00000060     driverlib.a : prcm.obj (.text:PRCMSysResetCauseGet)
                  20011008    0000005c     drivers_cc32xx.a : GPIOCC32XX.oem4 (.text:GPIO_setCallback)
                  20011064    0000005c     rtsv7M4_T_le_eabi.lib : close.c.obj (.text:close)
                  200110c0    0000005c                           : s_frexp.c.obj (.text:frexp)
                  2001111c    0000005c     nortos_cc32xx.a : ClockPSysTick_nortos.oem4 (.text:sysTickInit)
                  20011178    00000058     drivers_cc32xx.a : GPIOCC32XX.oem4 (.text:GPIO_write)
                  200111d0    00000058     rtsv7M4_T_le_eabi.lib : hostread.c.obj (.text:HOSTread)
                  20011228    00000058                           : hostwrite.c.obj (.text:HOSTwrite)
                  20011280    00000058     driverlib.a : prcm.obj (.text:PRCMPeripheralReset)
                  200112d8    00000058     drivers_cc32xx.a : PowerCC32XX.oem4 (.text:Power_releaseDependency)
                  20011330    00000056                      : TimerCC32XX.oem4 (.text:TimerCC32XX_stop)
                  20011386    00000056     rtsv7M4_T_le_eabi.lib : _printfi.c.obj (.text:_pconv_f)
                  200113dc    00000054                           : _ltoa.c.obj (.text:__TI_ltoa)
                  20011430    00000054     gpiointerrupt.obj (.text:initTimer)
                  20011484    00000054     drivers_cc32xx.a : UARTCC32XX.oem4 (.text:ringBufGet)
                  200114d8    00000052                      : PowerCC32XX_asm.oem4 (.text:PowerCC32XX_resumeLPDS)
                  2001152a    00000052     rtsv7M4_T_le_eabi.lib : _printfi.c.obj (.text:_ecpy)
                  2001157c    00000052     drivers_cc32xx.a : TimerCC32XX.oem4 (.text:initHw)
                  200115ce    00000002     --HOLE-- [fill = 0]
                  200115d0    00000050     nortos_cc32xx.a : ClockPSysTick_nortos.oem4 (.text:ClockP_sysTickHandler)
                  20011620    00000050                     : SemaphoreP_nortos.oem4 (.text:SemaphoreP_construct)
                  20011670    00000050     drivers_cc32xx.a : TimerCC32XX.oem4 (.text:TimerCC32XX_allocateTimerResource)
                  200116c0    0000004c                      : GPIOCC32XX.oem4 (.text:GPIO_enableInt)
                  2001170c    0000004c                      : I2CCC32XX.oem4 (.text:I2CCC32XX_readRecieveFifo)
                  20011758    0000004c                      : PowerCC32XX.oem4 (.text:PowerCC32XX_parkPin)
                  200117a4    0000004c     rtsv7M4_T_le_eabi.lib : fflush.c.obj (.text:__TI_doflush)
                  200117f0    0000004c                           : atoi.c.obj (.text:atoi)
                  2001183c    0000004c     drivers_cc32xx.a : PowerCC32XX.oem4 (.text:restorePeriphClocks)
                  20011888    0000004c     rtsv7M4_T_le_eabi.lib : snprintf.c.obj (.text:snprintf)
                  200118d4    00000048     driverlib.a : flash.obj (.text:FlashDisable)
                  2001191c    00000048                 : prcm.obj (.text:PRCMLPDSEnter)
                  20011964    00000048                 : prcm.obj (.text:PRCMPeripheralClkEnable)
                  200119ac    00000048     drivers_cc32xx.a : PowerCC32XX.oem4 (.text:Power_releaseConstraint)
                  200119f4    00000048     rtsv7M4_T_le_eabi.lib : exit.c.obj (.text:exit)
                  20011a3c    00000048                           : fd_toi_t2.asm.obj (.text)
                  20011a84    00000046     drivers_cc32xx.a : RingBuf.oem4 (.text:RingBuf_put)
                  20011aca    00000046                      : TimerCC32XX.oem4 (.text:getPrescaler)
                  20011b10    00000044     nortos_cc32xx.a : ClockPSysTick_nortos.oem4 (.text:ClockP_stop)
                  20011b54    00000044     rtsv7M4_T_le_eabi.lib : hostclose.c.obj (.text:HOSTclose)
                  20011b98    00000044                           : hostunlink.c.obj (.text:HOSTunlink)
                  20011bdc    00000044     driverlib.a : prcm.obj (.text:PRCMLPDSRestoreInfoSet)
                  20011c20    00000044     drivers_cc32xx.a : PowerCC32XX_asm.oem4 (.text:PowerCC32XX_enterLPDS)
                  20011c64    00000044     nortos_cc32xx.a : SemaphoreP_nortos.oem4 (.text:SemaphoreP_post)
                  20011ca8    00000044                     : SwiP_nortos.oem4 (.text:SwiP_restore)
                  20011cec    00000044     drivers_cc32xx.a : Timer.oem4 (.text:Timer_init)
                  20011d30    00000044                      : UART.oem4 (.text:UART_init)
                  20011d74    00000044     rtsv7M4_T_le_eabi.lib : autoinit.c.obj (.text:__TI_auto_init_nobinit_nopinit:__TI_auto_init_nobinit_nopinit)
                  20011db8    00000044                           : getdevice.c.obj (.text:getdevice)
                  20011dfc    00000044     gpiointerrupt.obj (.text:initUART)
                  20011e40    00000040     nortos_cc32xx.a : ClockPSysTick_nortos.oem4 (.text:ClockP_construct)
                  20011e80    00000040     driverlib.a : pin.obj (.text:PinModeSet)
                  20011ec0    00000040     drivers_cc32xx.a : RingBuf.oem4 (.text:RingBuf_get)
                  20011f00    00000040                      : Timer.oem4 (.text:Timer_open)
                  20011f40    00000040                      : UARTCC32XX.oem4 (.text:UARTCC32XX_read)
                  20011f80    00000040                      : UART.oem4 (.text:UART_open)
                  20011fc0    0000003e     rtsv7M4_T_le_eabi.lib : _printfi.c.obj (.text:_fcpy)
                  20011ffe    00000002     --HOLE-- [fill = 0]
                  20012000    0000003c     nortos_cc32xx.a : ClockPSysTick_nortos.oem4 (.text:ClockP_destruct)
                  2001203c    0000003c     drivers_cc32xx.a : PowerCC32XX.oem4 (.text:Power_setConstraint)
                  20012078    0000003a                      : TimerCC32XX.oem4 (.text:TimerCC32XX_close)
                  200120b2    0000003a     nortos_cc32xx.a : PowerCC32XX_nortos.oem4 (.text:getCountsRTC)
                  200120ec    00000038     driverlib.a : prcm.obj (.text:PRCMLPDSEnterKeepDebugIf)
                  20012124    00000038     drivers_cc32xx.a : TimerCC32XX.oem4 (.text:TimerCC32XX_hwiIntFunction)
                  2001215c    00000038     rtsv7M4_T_le_eabi.lib : trgmsg.c.obj (.text:__TI_writemsg)
                  20012194    00000038     nortos_cc32xx.a : ClockPSysTick_nortos.oem4 (.text:addToList)
                  200121cc    00000038                     : startup_cc32xx_ccs.oem4 (.text:initVectors)
                  20012204    00000038     drivers_cc32xx.a : PowerCC32XX.oem4 (.text:notify)
                  2001223c    00000038     rtsv7M4_T_le_eabi.lib : fs_toi_t2.asm.obj (.text)
                  20012274    00000038                           : i_tofs_t2.asm.obj (.text)
                  200122ac    00000036     driverlib.a : timer.obj (.text:TimerControlStall)
                  200122e2    00000036     drivers_cc32xx.a : UARTCC32XX.oem4 (.text:UARTCC32XX_readCancel)
                  20012318    00000036     rtsv7M4_T_le_eabi.lib : strncpy.c.obj (.text:strncpy)
                  2001234e    00000002     --HOLE-- [fill = 0]
                  20012350    00000034     nortos_cc32xx.a : ClockPSysTick_nortos.oem4 (.text:ClockP_getTicksUntilInterrupt)
                  20012384    00000034                     : ClockPSysTick_nortos.oem4 (.text:ClockP_startup)
                  200123b8    00000034     driverlib.a : pin.obj (.text:PinModeGet)
                  200123ec    00000034     drivers_cc32xx.a : PowerCC32XX.oem4 (.text:PowerCC32XX_restoreParkState)
                  20012420    00000034                      : TimerCC32XX.oem4 (.text:TimerCC32XX_freeTimerResource)
                  20012454    00000034     rtsv7M4_T_le_eabi.lib : fopen.c.obj (.text:__TI_cleanup)
                  20012488    00000034                           : trgmsg.c.obj (.text:__TI_readmsg)
                  200124bc    00000034     drivers_cc32xx.a : TimerCC32XX.oem4 (.text:getPowerMgrId)
                  200124f0    00000030     nortos_cc32xx.a : ClockPSysTick_nortos.oem4 (.text:ClockP_start)
                  20012520    00000030     drivers_cc32xx.a : PowerCC32XX.oem4 (.text:PowerCC32XX_restoreParkedPin)
                  20012550    00000030     rtsv7M4_T_le_eabi.lib : snprintf.c.obj (.text:_outs)
                  20012580    00000030                           : getdevice.c.obj (.text:finddevice)
                  200125b0    00000030     gpiointerrupt.obj (.text:gpioButtonFxn0)
                  200125e0    00000030     gpiointerrupt.obj (.text:gpioButtonFxn1)
                  20012610    0000002e     rtsv7M4_T_le_eabi.lib : i_tofd_t2.asm.obj (.text)
                  2001263e    00000002     --HOLE-- [fill = 0]
                  20012640    0000002c     drivers_cc32xx.a : PowerCC32XX.oem4 (.text:PowerCC32XX_getParkState)
                  2001266c    0000002c     rtsv7M4_T_le_eabi.lib : unlink.c.obj (.text:unlink)
                  20012698    0000002a     nortos_cc32xx.a : HwiPCC32XX_nortos.oem4 (.text:HwiP_create)
                  200126c2    0000002a     driverlib.a : timer.obj (.text:TimerLoadSet)
                  200126ec    0000002a                 : timer.obj (.text:TimerPrescaleSet)
                  20012716    00000028                 : i2c.obj (.text:I2CFIFODataPutNonBlocking)
                  2001273e    00000002     --HOLE-- [fill = 0]
                  20012740    00000028                 : prcm.obj (.text:PRCMPeripheralClkDisable)
                  20012768    00000028     drivers_cc32xx.a : PowerCC32XX.oem4 (.text:Power_registerNotify)
                  20012790    00000028     rtsv7M4_T_le_eabi.lib : memory.c.obj (.text:free_list_insert)
                  200127b8    00000028                           : lseek.c.obj (.text:lseek)
                  200127e0    00000028                           : write.c.obj (.text:write)
                  20012808    00000026     driverlib.a : i2c.obj (.text:I2CFIFODataGetNonBlocking)
                  2001282e    00000026     drivers_cc32xx.a : I2C.oem4 (.text:I2C_cancel)
                  20012854    00000026                      : List.oem4 (.text:List_put)
                  2001287a    00000026                      : List.oem4 (.text:List_remove)
                  200128a0    00000024     nortos_cc32xx.a : HwiPCC32XX_nortos.oem4 (.text:HwiP_dispatch)
                  200128c4    00000024     drivers_cc32xx.a : PowerCC32XX.oem4 (.text:PowerCC32XX_reset)
                  200128e8    00000024     rtsv7M4_T_le_eabi.lib : boot_cortex_m.c.obj (.text:_c_int00_noargs:_c_int00_noargs)
                  2001290c    00000022     driverlib.a : i2c.obj (.text:I2CMasterSlaveAddrSet)
                  2001292e    00000020     nortos_cc32xx.a : HwiPCC32XX_nortos.oem4 (.text:HwiP_destruct)
                  2001294e    00000002     --HOLE-- [fill = 0]
                  20012950    00000020     drivers_cc32xx.a : PowerCC32XX.oem4 (.text:Power_unregisterNotify)
                  20012970    00000020                      : RingBuf.oem4 (.text:RingBuf_peek)
                  20012990    00000020                      : UARTCC32XX.oem4 (.text:getPowerMgrId)
                  200129b0    00000020     rtsv7M4_T_le_eabi.lib : memchr.c.obj (.text:memchr)
                  200129d0    0000001e     driverlib.a : i2c.obj (.text:I2CMasterIntStatusEx)
                  200129ee    0000001e     nortos_cc32xx.a : SemaphoreP_nortos.oem4 (.text:SemaphoreP_constructBinary)
                  20012a0c    0000001e     driverlib.a : timer.obj (.text:TimerDisable)
                  20012a2a    0000001e                 : timer.obj (.text:TimerEnable)
                  20012a48    0000001c                 : pin.obj (.text:PinToPadGet)
                  20012a64    0000001c     nortos_cc32xx.a : SwiP_nortos.oem4 (.text:SwiP_disable)
                  20012a80    0000001c     rtsv7M4_T_le_eabi.lib : memory.c.obj (.text:free_list_remove)
                  20012a9c    0000001c                           : memccpy.c.obj (.text:memccpy)
                  20012ab8    0000001a     nortos_cc32xx.a : ClockPSysTick_nortos.oem4 (.text:ClockP_create)
                  20012ad2    0000001a                     : SemaphoreP_nortos.oem4 (.text:SemaphoreP_createBinary)
                  20012aec    0000001a                     : startup_cc32xx_ccs.oem4 (.text:resetISR)
                  20012b06    00000018     driverlib.a : i2c.obj (.text:I2CMasterBusBusy)
                  20012b1e    00000018                 : i2c.obj (.text:I2CMasterIntDisableEx)
                  20012b36    00000018                 : i2c.obj (.text:I2CMasterIntEnableEx)
                  20012b4e    00000018                 : i2c.obj (.text:I2CRxFIFOFlush)
                  20012b66    00000018                 : i2c.obj (.text:I2CTxFIFOFlush)
                  20012b7e    00000002     --HOLE-- [fill = 0]
                  20012b80    00000018     drivers_cc32xx.a : PowerCC32XX.oem4 (.text:Power_getTransitionLatency)
                  20012b98    00000018                      : PowerCC32XX.oem4 (.text:Power_idleFunc)
                  20012bb0    00000018                      : TimerCC32XX.oem4 (.text:TimerCC32XX_getCount)
                  20012bc8    00000018     driverlib.a : timer.obj (.text:TimerIntDisable)
                  20012be0    00000018                 : timer.obj (.text:TimerIntEnable)
                  20012bf8    00000018                 : uart.obj (.text:UARTBusy)
                  20012c10    00000018                 : uart.obj (.text:UARTIntEnable)
                  20012c28    00000018     drivers_cc32xx.a : UART.oem4 (.text:UART_Params_init)
                  20012c40    00000018     rtsv7M4_T_le_eabi.lib : snprintf.c.obj (.text:_outc)
                  20012c58    00000018                           : ll_mul_t2.asm.obj (.text)
                  20012c70    00000018                           : strcmp.c.obj (.text:strcmp)
                  20012c88    00000016     driverlib.a : i2c.obj (.text:I2CMasterBurstLengthSet)
                  20012c9e    00000016                 : prcm.obj (.text:PRCMHIBRegRead)
                  20012cb4    00000016                 : prcm.obj (.text:PRCMHIBRegWrite)
                  20012cca    00000016     nortos_cc32xx.a : SemaphoreP_nortos.oem4 (.text:SemaphoreP_create)
                  20012ce0    00000016     rtsv7M4_T_le_eabi.lib : strchr.c.obj (.text:strchr)
                  20012cf6    00000014     driverlib.a : cpu.obj (.text:CPUcpsid)
                  20012d0a    00000002     --HOLE-- [fill = 0]
                  20012d0c    00000014     nortos_cc32xx.a : HwiPCC32XX_nortos.oem4 (.text:HwiP_inISR)
                  20012d20    00000014     drivers_cc32xx.a : I2CCC32XX.oem4 (.text:I2CSupport_masterFinish)
                  20012d34    00000014                      : I2C.oem4 (.text:I2C_transfer)
                  20012d48    00000014     driverlib.a : interrupt.obj (.text:IntVTableBaseSet)
                  20012d5c    00000014     drivers_cc32xx.a : PowerCC32XX.oem4 (.text:Power_disablePolicy)
                  20012d70    00000014                      : PowerCC32XX.oem4 (.text:Power_getDependencyCount)
                  20012d84    00000014     gpiointerrupt.obj (.text:changeThermo)
                  20012d98    00000014     drivers_cc32xx.a : UARTCC32XX.oem4 (.text:releasePowerConstraint)
                  20012dac    00000014     rtsv7M4_T_le_eabi.lib : strcpy.c.obj (.text:strcpy)
                  20012dc0    00000014                           : strlen.c.obj (.text:strlen)
                  20012dd4    00000012     nortos_cc32xx.a : HwiPCC32XX_nortos.oem4 (.text:HwiP_Params_init)
                  20012de6    00000012     driverlib.a : i2c.obj (.text:I2CMasterIntClearEx)
                  20012df8    00000012     drivers_cc32xx.a : RingBuf.oem4 (.text:RingBuf_construct)
                  20012e0a    00000012     driverlib.a : timer.obj (.text:TimerIntClear)
                  20012e1c    00000012     main_nortos.obj (.text:main)
                  20012e2e    00000012     rtsv7M4_T_le_eabi.lib : wcslen.c.obj (.text:wcslen)
                  20012e40    00000010     ti_drivers_config.obj (.text:Board_init)
                  20012e50    00000010     nortos_cc32xx.a : ClockPSysTick_nortos.oem4 (.text:ClockP_add)
                  20012e60    00000010                     : ClockPSysTick_nortos.oem4 (.text:ClockP_delete)
                  20012e70    00000010                     : ClockPSysTick_nortos.oem4 (.text:ClockP_getCpuFreq)
                  20012e80    00000010                     : ClockPSysTick_nortos.oem4 (.text:ClockP_getSystemTicks)
                  20012e90    00000010                     : ClockPSysTick_nortos.oem4 (.text:ClockP_setTicks)
                  20012ea0    00000010                     : HwiPCC32XX_nortos.oem4 (.text:HwiP_delete)
                  20012eb0    00000010                     : HwiPCC32XX_nortos.oem4 (.text:HwiP_restore)
                  20012ec0    00000010     driverlib.a : i2c.obj (.text:I2CFIFOStatus)
                  20012ed0    00000010     drivers_cc32xx.a : I2C.oem4 (.text:I2C_Params_init)
                  20012ee0    00000010                      : PowerCC32XX.oem4 (.text:Power_enablePolicy)
                  20012ef0    00000010     nortos_cc32xx.a : SemaphoreP_nortos.oem4 (.text:SemaphoreP_Params_init)
                  20012f00    00000010     drivers_cc32xx.a : Timer.oem4 (.text:Timer_Params_init)
                  20012f10    00000010                      : UARTCC32XX.oem4 (.text:readBlockingTimeout)
                  20012f20    0000000e     nortos_cc32xx.a : HwiPCC32XX_nortos.oem4 (.text:HwiP_clearInterrupt)
                  20012f2e    0000000e                     : HwiPCC32XX_nortos.oem4 (.text:HwiP_disable)
                  20012f3c    0000000e                     : HwiPCC32XX_nortos.oem4 (.text:HwiP_disableInterrupt)
                  20012f4a    0000000e                     : HwiPCC32XX_nortos.oem4 (.text:HwiP_enable)
                  20012f58    0000000e                     : HwiPCC32XX_nortos.oem4 (.text:HwiP_enableInterrupt)
                  20012f66    0000000e     drivers_cc32xx.a : I2CCC32XX.oem4 (.text:I2CCC32XX_updateReg)
                  20012f74    0000000e                      : RingBuf.oem4 (.text:RingBuf_isFull)
                  20012f82    0000000e     rtsv7M4_T_le_eabi.lib : copy_decompress_none.c.obj (.text:decompress:none:__TI_decompress_none)
                  20012f90    0000000c     drivers_cc32xx.a : I2CCC32XX.oem4 (.text:I2CCC32XX_postNotify)
                  20012f9c    0000000c                      : PowerCC32XX.oem4 (.text:Power_getConstraintMask)
                  20012fa8    0000000c     rtsv7M4_T_le_eabi.lib : s_copysign.c.obj (.text:copysign)
                  20012fb4    0000000c                           : copy_zero_init.c.obj (.text:decompress:ZI:__TI_zero_init)
                  20012fc0    0000000c     drivers_cc32xx.a : TimerCC32XX.oem4 (.text:postNotifyFxn)
                  20012fcc    0000000c                      : UARTCC32XX.oem4 (.text:postNotifyFxn)
                  20012fd8    0000000a     nortos_cc32xx.a : ClockPSysTick_nortos.oem4 (.text:ClockP_Params_init)
                  20012fe2    0000000a                     : ClockPSysTick_nortos.oem4 (.text:ClockP_isActive)
                  20012fec    0000000a     driverlib.a : interrupt.obj (.text:IntMasterDisable)
                  20012ff6    0000000a     drivers_cc32xx.a : Timer.oem4 (.text:Timer_start)
                  20013000    0000000a                      : UART.oem4 (.text:UART_write)
                  2001300a    00000008                      : I2CCC32XX.oem4 (.text:I2CCC32XX_blockingCallback)
                  20013012    00000002     --HOLE-- [fill = 0]
                  20013014    00000008     rtsv7M4_T_le_eabi.lib : errno.c.obj (.text:__aeabi_errno_addr)
                  2001301c    00000008                           : memory.c.obj (.text:malloc)
                  20013024    00000008     drivers_cc32xx.a : UARTCC32XX.oem4 (.text:readSemCallback)
                  2001302c    00000008                      : UARTCC32XX.oem4 (.text:writeSemCallback)
                  20013034    00000006                      : I2CCC32XX.oem4 (.text:I2CSupport_powerRelConstraint)
                  2001303a    00000006                      : I2CCC32XX.oem4 (.text:I2CSupport_powerSetConstraint)
                  20013040    00000006                      : TimerCC32XX.oem4 (.text:TimerCC32XX_control)
                  20013046    00000006     driverlib.a : utils.obj (.text:UtilsDelay)
                  2001304c    00000004     nortos_cc32xx.a : ClockPSysTick_nortos.oem4 (.text:ClockP_setTimeout)
                  20013050    00000004                     : HwiPCC32XX_nortos.oem4 (.text:HwiP_post)
                  20013054    00000004                     : SemaphoreP_nortos.oem4 (.text:SemaphoreP_delete)
                  20013058    00000004     rtsv7M4_T_le_eabi.lib : printf.c.obj (.text:_outc)
                  2001305c    00000004                           : printf.c.obj (.text:_outs)
                  20013060    00000004                           : pre_init.c.obj (.text:_system_pre_init)
                  20013064    00000004                           : exit.c.obj (.text:abort:abort)

.const     0    20013dac    0000051a     
                  20013dac    00000101     rtsv7M4_T_le_eabi.lib : ctype.c.obj (.const:.string:_ctypes_)
                  20013ead    00000003     --HOLE-- [fill = 0]
                  20013eb0    00000100     driverlib.a : pin.obj (.const:g_ulPinToPadMap)
                  20013fb0    000000a8                 : prcm.obj (.const:PRCM_PeriphRegsList)
                  20014058    00000044     ti_drivers_config.obj (.const:PowerCC32XX_config)
                  2001409c    00000028     drivers_cc32xx.a : UARTCC32XX.oem4 (.const:UARTCC32XX_fxnTable)
                  200140c4    00000024                      : UART.oem4 (.const:UART_defaultParams)
                  200140e8    00000024     ti_drivers_config.obj (.const:uartCC32XXHWAttrs0)
                  2001410c    00000021     drivers_cc32xx.a : GPIOCC32XX.oem4 (.const:.string:pinTable)
                  2001412d    00000003     --HOLE-- [fill = 0]
                  20014130    00000020                      : TimerCC32XX.oem4 (.const:TimerCC32XX_fxnTable)
                  20014150    00000020                      : UARTCC32XX.oem4 (.const:staticFxnTable)
                  20014170    00000018     driverlib.a : interrupt.obj (.const:g_pulEnRegs)
                  20014188    00000018                 : interrupt.obj (.const:g_pulPendRegs)
                  200141a0    00000018     gpiointerrupt.obj (.const:sensors)
                  200141b8    00000014     ti_drivers_config.obj (.const:GPIOCC32XX_config)
                  200141cc    00000014     drivers_cc32xx.a : GPIOCC32XX.oem4 (.const:gpioBaseAddresses)
                  200141e0    00000014     ti_drivers_config.obj (.const:i2cCC32XXHWAttrs)
                  200141f4    00000014     drivers_cc32xx.a : UARTCC32XX.oem4 (.const:parityType)
                  20014208    00000014                      : GPIOCC32XX.oem4 (.const:powerResources)
                  2001421c    00000010                      : I2C.oem4 (.const:I2C_defaultParams)
                  2001422c    00000010                      : I2CCC32XX.oem4 (.const:I2C_defaultParams)
                  2001423c    00000010                      : UARTCC32XX.oem4 (.const:dataLength)
                  2001424c    00000010     ti_drivers_config.obj (.const:timerCC32XXHWAttrs)
                  2001425c    0000000c     gpiointerrupt.obj (.const:.string)
                  20014268    0000000c     ti_drivers_config.obj (.const:Timer_config)
                  20014274    0000000c     ti_drivers_config.obj (.const:UART_config)
                  20014280    0000000c     drivers_cc32xx.a : Timer.oem4 (.const:defaultParams)
                  2001428c    00000009     ti_drivers_config.obj (.const)
                  20014295    00000003     --HOLE-- [fill = 0]
                  20014298    00000008     ti_drivers_config.obj (.const:I2C_config)
                  200142a0    00000008     drivers_cc32xx.a : GPIOCC32XX.oem4 (.const:outPinTypes)
                  200142a8    00000008                      : UARTCC32XX.oem4 (.const:stopBits)
                  200142b0    00000006                      : GPIOCC32XX.oem4 (.const:.string:interruptType)
                  200142b6    00000006                      : GPIOCC32XX.oem4 (.const:inPinTypes)
                  200142bc    00000006                      : GPIOCC32XX.oem4 (.const:outPinStrengths)
                  200142c2    00000004                      : GPIOCC32XX.oem4 (.const:.string:portInterruptIds)

.cinit     0    200142c8    00000148     
                  200142c8    00000124     (.cinit..data.load) [load image, compression = lzss]
                  200143ec    0000000c     (__TI_handler_table)
                  200143f8    00000008     (.cinit..bss.load) [load image, compression = zero_init]
                  20014400    00000010     (__TI_cinit_table)

.init_array 
*          0    20004000    00000000     UNINITIALIZED

.ramVecs   0    20000000    0000030c     NOLOAD SECTION
                  20000000    0000030c     nortos_cc32xx.a : startup_cc32xx_ccs.oem4 (.ramVecs)

.stack     0    20003000    00001000     UNINITIALIZED
                  20003000    00000004     rtsv7M4_T_le_eabi.lib : boot_cortex_m.c.obj (.stack)
                  20003004    00000ffc     --HOLE--

.resetVecs 
*          0    20004000    00000040     
                  20004000    00000040     nortos_cc32xx.a : startup_cc32xx_ccs.oem4 (.resetVecs:retain)

.sysmem    0    20004040    00008000     UNINITIALIZED
                  20004040    00000010     rtsv7M4_T_le_eabi.lib : memory.c.obj (.sysmem)
                  20004050    00007ff0     --HOLE--

.data      0    20013068    000007a8     UNINITIALIZED
                  20013068    0000030c     nortos_cc32xx.a : HwiPCC32XX_nortos.oem4 (.data:HwiP_dispatchTable)
                  20013374    0000016c     drivers_cc32xx.a : PowerCC32XX.oem4 (.data:PowerCC32XX_module)
                  200134e0    000000f8     ti_drivers_config.obj (.data:parkInfo)
                  200135d8    000000f0     rtsv7M4_T_le_eabi.lib : defs.c.obj (.data:_ftable)
                  200136c8    00000078                           : host_device.c.obj (.data:_device)
                  20013740    00000050                           : host_device.c.obj (.data:_stream)
                  20013790    00000011     gpiointerrupt.obj (.data)
                  200137a1    00000003     nortos_cc32xx.a : SemaphoreP_nortos.oem4 (.data)
                  200137a4    00000010     rtsv7M4_T_le_eabi.lib : defs.c.obj (.data)
                  200137b4    0000000c                           : exit.c.obj (.data:$O1$$)
                  200137c0    0000000c     ti_drivers_config.obj (.data:gpioCallbackFunctions)
                  200137cc    0000000c     ti_drivers_config.obj (.data:gpioPinConfigs)
                  200137d8    00000009     drivers_cc32xx.a : GPIOCC32XX.oem4 (.data)
                  200137e1    00000001                      : Timer.oem4 (.data)
                  200137e2    00000001                      : UART.oem4 (.data)
                  200137e3    00000001     --HOLE--
                  200137e4    00000008     rtsv7M4_T_le_eabi.lib : _lock.c.obj (.data:$O1$$)
                  200137ec    00000008                           : memory.c.obj (.data:$O1$$)
                  200137f4    00000008     nortos_cc32xx.a : SemaphoreP_nortos.oem4 (.data:SemaphoreP_defaultParams)
                  200137fc    00000008                     : HwiPCC32XX_nortos.oem4 (.data)
                  20013804    00000005                     : ClockPSysTick_nortos.oem4 (.data)
                  20013809    00000003     --HOLE--
                  2001380c    00000004     rtsv7M4_T_le_eabi.lib : errno.c.obj (.data)

.bss       0    20013810    0000059c     UNINITIALIZED
                  20013810    0000012c     (.common:PowerCC32XX_contextSave)
                  2001393c    00000120     rtsv7M4_T_le_eabi.lib : trgmsg.c.obj (.bss:_CIOBUF_)
                  20013a5c    000000fc     (.common:i2cCC32XXObjects)
                  20013b58    000000a0     (.common:__TI_tmpnams)
                  20013bf8    00000084     (.common:uartCC32XXObjects0)
                  20013c7c    00000040     (.common:output)
                  20013cbc    00000034     (.common:timerCC32XXObjects)
                  20013cf0    00000020     drivers_cc32xx.a : GPIOCC32XX.oem4 (.bss:gpioCallbackInfo)
                  20013d10    00000020     ti_drivers_config.obj (.bss:uartCC32XXRingBuffer0)
                  20013d30    00000020     (.common:i2cTransaction)
                  20013d50    00000014     drivers_cc32xx.a : GPIOCC32XX.oem4 (.bss:powerNotifyObj)
                  20013d64    00000004                      : GPIOCC32XX.oem4 (.bss)
                  20013d68    00000010     (.common:ClockP_ctrl)
                  20013d78    0000000d     nortos_cc32xx.a : SwiP_nortos.oem4 (.bss)
                  20013d85    00000008     (.common:parmbuf)
                  20013d8d    00000001     (.common:State)
                  20013d8e    00000002     --HOLE--
                  20013d90    00000004                     : ClockPSysTick_nortos.oem4 (.bss)
                  20013d94    00000004     drivers_cc32xx.a : TimerCC32XX.oem4 (.bss:timerState)
                  20013d98    00000004     (.common:i2c)
                  20013d9c    00000004     (.common:rxBuffer)
                  20013da0    00000004     (.common:timer0)
                  20013da4    00000004     (.common:txBuffer)
                  20013da8    00000004     (.common:uartHandle)

.log_data 
*          0    90000000    00000000     COPY SECTION

__llvm_prf_cnts 
*          0    20004000    00000000     UNINITIALIZED

MODULE SUMMARY

       Module                       code    ro data   rw data
       ------                       ----    -------   -------
    .\
       gpiointerrupt.obj            1748    36        134    
       main_nortos.obj              18      0         0      
    +--+----------------------------+-------+---------+---------+
       Total:                       1766    36        134    
                                                             
    .\syscfg\
       ti_drivers_config.obj        18      201       740    
    +--+----------------------------+-------+---------+---------+
       Total:                       18      201       740    
                                                             
    C:/ti/simplelink_cc32xx_sdk_4_30_00_06/kernel/nortos/lib/ccs/m4/nortos_cc32xx.a
       HwiPCC32XX_nortos.oem4       394     0         788    
       startup_cc32xx_ccs.oem4      90      64        780    
       ClockPSysTick_nortos.oem4    702     0         25     
       PowerCC32XX_nortos.oem4      472     0         0      
       SemaphoreP_nortos.oem4       408     0         11     
       SwiP_nortos.oem4             96      0         13     
    +--+----------------------------+-------+---------+---------+
       Total:                       2162    64        1617   
                                                             
    C:/ti/simplelink_cc32xx_sdk_4_30_00_06/source/ti/devices/cc32xx/driverlib/ccs/Release/driverlib.a
       prcm.obj                     1604    168       0      
       pin.obj                      280     256       0      
       interrupt.obj                334     48        0      
       i2c.obj                      318     0         0      
       timer.obj                    264     0         0      
       flash.obj                    72      0         0      
       uart.obj                     48      0         0      
       cpu.obj                      20      0         0      
       utils.obj                    6       0         0      
    +--+----------------------------+-------+---------+---------+
       Total:                       2946    472       0      
                                                             
    C:/ti/simplelink_cc32xx_sdk_4_30_00_06/source/ti/drivers/lib/ccs/m4/drivers_cc32xx.a
       UARTCC32XX.oem4              3466    116       0      
       PowerCC32XX.oem4             2432    0         664    
       I2CCC32XX.oem4               1452    16        0      
       GPIOCC32XX.oem4              1208    103       65     
       TimerCC32XX.oem4             1132    32        4      
       I2C.oem4                     366     16        0      
       UART.oem4                    166     36        1      
       RingBuf.oem4                 198     0         0      
       Timer.oem4                   158     12        1      
       PowerCC32XX_asm.oem4         150     0         0      
       List.oem4                    76      0         0      
    +--+----------------------------+-------+---------+---------+
       Total:                       10804   331       735    
                                                             
    C:\ti\ccs1120\ccs\tools\compiler\ti-cgt-arm_20.2.6.LTS\lib\rtsv7M4_T_le_eabi.lib
       _printfi.c.obj               4835    0         0      
       memory.c.obj                 672     0         8      
       fd_add_t2.asm.obj            438     0         0      
       defs.c.obj                   0       0         416    
       trgmsg.c.obj                 108     0         288    
       fd_div_t2.asm.obj            310     0         0      
       fputs.c.obj                  276     0         0      
       fd_cmp_t2.asm.obj            268     0         0      
       ctype.c.obj                  0       257       0      
       fd_mul_t2.asm.obj            252     0         0      
       setvbuf.c.obj                220     0         0      
       s_scalbn.c.obj               208     0         0      
       host_device.c.obj            0       0         200    
       memcpy_t2.asm.obj            156     0         0      
       ull_div_t2.asm.obj           150     0         0      
       snprintf.c.obj               148     0         0      
       fputc.c.obj                  140     0         0      
       fs_mul_t2.asm.obj            122     0         0      
       memset_t2.asm.obj            122     0         0      
       fclose.c.obj                 116     0         0      
       getdevice.c.obj              116     0         0      
       printf.c.obj                 112     0         0      
       hostrename.c.obj             108     0         0      
       copy_decompress_lzss.c.obj   104     0         0      
       hostlseek.c.obj              104     0         0      
       hostopen.c.obj               96      0         8      
       fseek.c.obj                  100     0         0      
       _io_perm.c.obj               98      0         0      
       close.c.obj                  92      0         0      
       s_frexp.c.obj                92      0         0      
       exit.c.obj                   76      0         12     
       hostread.c.obj               88      0         0      
       hostwrite.c.obj              88      0         0      
       _ltoa.c.obj                  84      0         0      
       atoi.c.obj                   76      0         0      
       fflush.c.obj                 76      0         0      
       fd_toi_t2.asm.obj            72      0         0      
       autoinit.c.obj               68      0         0      
       hostclose.c.obj              68      0         0      
       hostunlink.c.obj             68      0         0      
       fs_toi_t2.asm.obj            56      0         0      
       i_tofs_t2.asm.obj            56      0         0      
       strncpy.c.obj                54      0         0      
       fopen.c.obj                  52      0         0      
       i_tofd_t2.asm.obj            46      0         0      
       unlink.c.obj                 44      0         0      
       lseek.c.obj                  40      0         0      
       write.c.obj                  40      0         0      
       boot_cortex_m.c.obj          36      0         0      
       memchr.c.obj                 32      0         0      
       memccpy.c.obj                28      0         0      
       ll_mul_t2.asm.obj            24      0         0      
       strcmp.c.obj                 24      0         0      
       strchr.c.obj                 22      0         0      
       strcpy.c.obj                 20      0         0      
       strlen.c.obj                 20      0         0      
       wcslen.c.obj                 18      0         0      
       copy_decompress_none.c.obj   14      0         0      
       copy_zero_init.c.obj         12      0         0      
       errno.c.obj                  8       0         4      
       s_copysign.c.obj             12      0         0      
       _lock.c.obj                  2       0         8      
       pre_init.c.obj               4       0         0      
       div0.asm.obj                 2       0         0      
    +--+----------------------------+-------+---------+---------+
       Total:                       10993   257       944    
                                                             
       Heap:                        0       0         32768  
       Stack:                       0       0         4096   
       Linker Generated:            0       328       0      
    +--+----------------------------+-------+---------+---------+
       Grand Total:                 28689   1689      41034  


LINKER GENERATED COPY TABLES

__TI_cinit_table @ 20014400 records: 2, size/record: 8, table size: 16
	.data: load addr=200142c8, load size=00000124 bytes, run addr=20013068, run size=000007a8 bytes, compression=lzss
	.bss: load addr=200143f8, load size=00000008 bytes, run addr=20013810, run size=0000059c bytes, compression=zero_init


LINKER GENERATED HANDLER TABLE

__TI_handler_table @ 200143ec records: 3, size/record: 4, table size: 12
	index: 0, handler: __TI_decompress_lzss
	index: 1, handler: __TI_decompress_none
	index: 2, handler: __TI_zero_init


GLOBAL SYMBOLS: SORTED ALPHABETICALLY BY Name 

address   name                             
-------   ----                             
20012e41  Board_init                       
2000ca8f  Board_initHook                   
20013065  C$$EXIT                          
2001218b  C$$IO$$                          
2001428c  CONFIG_GPIO_BUTTON_0_CONST       
2001428d  CONFIG_GPIO_BUTTON_1_CONST       
2001428e  CONFIG_GPIO_LED_0_CONST          
2001428f  CONFIG_I2C_0_CONST               
20014291  CONFIG_TIMER_0_CONST             
20014293  CONFIG_UART_0_CONST              
20012cf7  CPUcpsid                         
20012fd9  ClockP_Params_init               
20012e51  ClockP_add                       
20011e41  ClockP_construct                 
20012ab9  ClockP_create                    
20013d68  ClockP_ctrl                      
20012e61  ClockP_delete                    
20012001  ClockP_destruct                  
200115d1  ClockP_doTick                    
20012e71  ClockP_getCpuFreq                
20012e81  ClockP_getSystemTicks            
20012351  ClockP_getTicksUntilInterrupt    
20012fe3  ClockP_isActive                  
20012e91  ClockP_setTicks                  
2001304d  ClockP_setTimeout                
200124f1  ClockP_start                     
20012385  ClockP_startup                   
20011b11  ClockP_stop                      
200115d1  ClockP_sysTickHandler            
20013804  ClockP_tickPeriod                
200118d5  FlashDisable                     
200141b8  GPIOCC32XX_config                
200116c1  GPIO_enableInt                   
20010815  GPIO_hwiIntFxn                   
2000f261  GPIO_init                        
20011009  GPIO_setCallback                 
2000d5fd  GPIO_setConfig                   
20011179  GPIO_write                       
20011b55  HOSTclose                        
20010c1d  HOSTlseek                        
20010f49  HOSTopen                         
200111d1  HOSTread                         
20010b45  HOSTrename                       
20011b99  HOSTunlink                       
20011229  HOSTwrite                        
20012dd5  HwiP_Params_init                 
20012f21  HwiP_clearInterrupt              
2001005d  HwiP_construct                   
20012699  HwiP_create                      
20012ea1  HwiP_delete                      
2001292f  HwiP_destruct                    
20012f2f  HwiP_disable                     
20012f3d  HwiP_disableInterrupt            
200128a1  HwiP_dispatch                    
20012f4b  HwiP_enable                      
20012f59  HwiP_enableInterrupt             
20012d0d  HwiP_inISR                       
200137fc  HwiP_key                         
20013051  HwiP_post                        
20012eb1  HwiP_restore                     
20013800  HwiP_swiPIntNum                  
20012809  I2CFIFODataGetNonBlocking        
20012717  I2CFIFODataPutNonBlocking        
20012ec1  I2CFIFOStatus                    
20012c89  I2CMasterBurstLengthSet          
20012b07  I2CMasterBusBusy                 
20012de7  I2CMasterIntClearEx              
20012b1f  I2CMasterIntDisableEx            
20012b37  I2CMasterIntEnableEx             
200129d1  I2CMasterIntStatusEx             
2001290d  I2CMasterSlaveAddrSet            
20012b4f  I2CRxFIFOFlush                   
20012d21  I2CSupport_masterFinish          
20013035  I2CSupport_powerRelConstraint    
2001303b  I2CSupport_powerSetConstraint    
20010bb1  I2CSupport_primeTransfer         
20012b67  I2CTxFIFOFlush                   
20012ed1  I2C_Params_init                  
2001282f  I2C_cancel                       
20014298  I2C_config                       
20014290  I2C_count                        
2001421c  I2C_defaultParams                
2000db63  I2C_init                         
2000eb29  I2C_open                         
20012d35  I2C_transfer                     
2000e5b1  I2C_transferTimeout              
UNDEFED   ITM_flush                        
UNDEFED   ITM_restore                      
2000fa31  IntEnable                        
20012fed  IntMasterDisable                 
20010175  IntPendSet                       
20012d49  IntVTableBaseSet                 
20012855  List_put                         
2001287b  List_remove                      
20012f4b  NoRTOS_start                     
2000ca91  PRCMCC3200MCUInit                
20012c9f  PRCMHIBRegRead                   
20012cb5  PRCMHIBRegWrite                  
2001191d  PRCMLPDSEnter                    
200120ed  PRCMLPDSEnterKeepDebugIf         
20011bdd  PRCMLPDSRestoreInfoSet           
20012741  PRCMPeripheralClkDisable         
20011965  PRCMPeripheralClkEnable          
20011281  PRCMPeripheralReset              
20010fa9  PRCMSysResetCauseGet             
200101fd  PinConfigSet                     
200123b9  PinModeGet                       
20011e81  PinModeSet                       
20012a49  PinToPadGet                      
20014058  PowerCC32XX_config               
2000fad9  PowerCC32XX_configureWakeup      
20013810  PowerCC32XX_contextSave          
20011c21  PowerCC32XX_enterLPDS            
20012641  PowerCC32XX_getParkState         
2000e487  PowerCC32XX_initPolicy           
20013374  PowerCC32XX_module               
20011759  PowerCC32XX_parkPin              
200128c5  PowerCC32XX_reset                
200123ed  PowerCC32XX_restoreParkState     
20012521  PowerCC32XX_restoreParkedPin     
200114d9  PowerCC32XX_resumeLPDS           
20010dbd  PowerCC32XX_setParkState         
2000db65  PowerCC32XX_sleepPolicy          
20012d5d  Power_disablePolicy              
20012ee1  Power_enablePolicy               
20012f9d  Power_getConstraintMask          
20012d71  Power_getDependencyCount         
20012b81  Power_getTransitionLatency       
20012b99  Power_idleFunc                   
200104a1  Power_init                       
20012769  Power_registerNotify             
200119ad  Power_releaseConstraint          
200112d9  Power_releaseDependency          
2001203d  Power_setConstraint              
200105a9  Power_setDependency              
2000e219  Power_sleep                      
20012951  Power_unregisterNotify           
20012df9  RingBuf_construct                
20011ec1  RingBuf_get                      
20012f75  RingBuf_isFull                   
20012971  RingBuf_peek                     
20011a85  RingBuf_put                      
20012ef1  SemaphoreP_Params_init           
20011621  SemaphoreP_construct             
200129ef  SemaphoreP_constructBinary       
20012ccb  SemaphoreP_create                
20012ad3  SemaphoreP_createBinary          
200137f4  SemaphoreP_defaultParams         
20013055  SemaphoreP_delete                
2000fcc5  SemaphoreP_pend                  
20011c65  SemaphoreP_post                  
20013d8d  State                            
20012a65  SwiP_disable                     
20011ca9  SwiP_restore                     
20011671  TimerCC32XX_allocateTimerResource
20012079  TimerCC32XX_close                
20013041  TimerCC32XX_control              
20012421  TimerCC32XX_freeTimerResource    
20014130  TimerCC32XX_fxnTable             
20012bb1  TimerCC32XX_getCount             
2000e6d3  TimerCC32XX_init                 
2000e489  TimerCC32XX_open                 
20010285  TimerCC32XX_setPeriod            
2001088d  TimerCC32XX_start                
20011331  TimerCC32XX_stop                 
200122ad  TimerControlStall                
20012a0d  TimerDisable                     
20012a2b  TimerEnable                      
20013790  TimerFlag                        
20012e0b  TimerIntClear                    
20012bc9  TimerIntDisable                  
20012be1  TimerIntEnable                   
200126c3  TimerLoadSet                     
200126ed  TimerPrescaleSet                 
20012f01  Timer_Params_init                
20014268  Timer_config                     
20014292  Timer_count                      
20011ced  Timer_init                       
20011f01  Timer_open                       
20012ff7  Timer_start                      
20012bf9  UARTBusy                         
2000e6d5  UARTCC32XX_close                 
2000ed21  UARTCC32XX_control               
2001409c  UARTCC32XX_fxnTable              
2000ee13  UARTCC32XX_init                  
2000cebd  UARTCC32XX_open                  
20011f41  UARTCC32XX_read                  
200122e3  UARTCC32XX_readCancel            
2000f3e5  UARTCC32XX_readPolling           
2000f195  UARTCC32XX_write                 
20010d55  UARTCC32XX_writeCancel           
20010e85  UARTCC32XX_writePolling          
20012c11  UARTIntEnable                    
20012c29  UART_Params_init                 
20014274  UART_config                      
20014294  UART_count                       
200140c4  UART_defaultParams               
20011d31  UART_init                        
20011f81  UART_open                        
20013001  UART_write                       
20013047  UtilsDelay                       
2001393c  __CIOBUF_                        
20004000  __STACK_END                      
00001000  __STACK_SIZE                     
00008000  __SYSMEM_SIZE                    
20014400  __TI_CINIT_Base                  
20014410  __TI_CINIT_Limit                 
200143ec  __TI_Handler_Table_Base          
200143f8  __TI_Handler_Table_Limit         
20011d75  __TI_auto_init_nobinit_nopinit   
20012455  __TI_cleanup                     
200137b4  __TI_cleanup_ptr                 
200109f1  __TI_closefile                   
20010c85  __TI_decompress_lzss             
20012f83  __TI_decompress_none             
200117a5  __TI_doflush                     
200137b8  __TI_dtors_ptr                   
200137bc  __TI_enable_exit_profile_output  
200137a4  __TI_ft_end                      
200113dd  __TI_ltoa                        
ffffffff  __TI_pprof_out_hndl              
2000c041  __TI_printfi                     
ffffffff  __TI_prof_data_size              
ffffffff  __TI_prof_data_start             
20012489  __TI_readmsg                     
200142c8  __TI_static_base__               
20013b58  __TI_tmpnams                     
2001215d  __TI_writemsg                    
20010ee7  __TI_wrt_ok                      
20012fb5  __TI_zero_init                   
20010395  __aeabi_cdcmpeq                  
20010395  __aeabi_cdcmple                  
2001041b  __aeabi_cdrcmple                 
20011a3d  __aeabi_d2iz                     
2000d9b7  __aeabi_dadd                     
2000e351  __aeabi_ddiv                     
2000ec25  __aeabi_dmul                     
2000d9ad  __aeabi_dsub                     
20013015  __aeabi_errno_addr               
2001223d  __aeabi_f2iz                     
2001071f  __aeabi_fmul                     
20012611  __aeabi_i2d                      
20012275  __aeabi_i2f                      
20010b43  __aeabi_idiv0                    
20010b43  __aeabi_ldiv0                    
20012c59  __aeabi_lmul                     
20010799  __aeabi_memclr                   
20010799  __aeabi_memclr4                  
20010799  __aeabi_memclr8                  
2000fe01  __aeabi_memcpy                   
2000fe01  __aeabi_memcpy4                  
2000fe01  __aeabi_memcpy8                  
2001079b  __aeabi_memset                   
2001079b  __aeabi_memset4                  
2001079b  __aeabi_memset8                  
200137b0  __aeabi_stderr                   
200137a8  __aeabi_stdin                    
200137ac  __aeabi_stdout                   
2000ff35  __aeabi_uldivmod                 
ffffffff  __binit__                        
ffffffff  __c_args__                       
UNDEFED   __mpu_init                       
20003000  __stack                          
20004000  __start___llvm_prf_cnts          
20004000  __stop___llvm_prf_cnts           
200128e9  _c_int00_noargs                  
20013dac  _ctypes_                         
200136c8  _device                          
200135d8  _ftable                          
200137e4  _lock                            
2000f25f  _nop                             
20013740  _stream                          
20004040  _sys_memory                      
UNDEFED   _system_post_cinit               
20013061  _system_pre_init                 
200137e8  _unlock                          
20013065  abort                            
2000ea29  aligned_alloc                    
200117f1  atoi                             
ffffffff  binit                            
20012d85  changeThermo                     
2000f60f  clkFxn                           
20011065  close                            
20012fa9  copysign                         
20012fa9  copysignl                        
20013798  direction                        
2001380c  errno                            
200119f5  exit                             
20012581  finddevice                       
200100e9  fputc                            
2000e915  fputs                            
2000ef05  free                             
200110c1  frexp                            
200110c1  frexpl                           
20010e21  fseek                            
20011db9  getdevice                        
200125b1  gpioButtonFxn0                   
200125e1  gpioButtonFxn1                   
200137c0  gpioCallbackFunctions            
200137cc  gpioPinConfigs                   
200137a0  heat                             
20013d98  i2c                              
200141e0  i2cCC32XXHWAttrs                 
20013a5c  i2cCC32XXObjects                 
20013d30  i2cTransaction                   
200142b6  inPinTypes                       
2000d3ad  initI2C                          
20011431  initTimer                        
20011dfd  initUART                         
200121cd  initVectors                      
2000f0c5  ldexp                            
2000f0c5  ldexpl                           
200127b9  lseek                            
20012e1d  main                             
2000dd01  mainThread                       
2001301d  malloc                           
2000ea29  memalign                         
20012a9d  memccpy                          
200129b1  memchr                           
2000fe01  memcpy                           
200107a1  memset                           
200142bc  outPinStrengths                  
200142a0  outPinTypes                      
20013c7c  output                           
200134e0  parkInfo                         
20013d85  parmbuf                          
20010ced  printf                           
200100e9  putc                             
2000ee15  readTemp                         
2001266d  remove                           
20012aed  resetISR                         
20012b00  resetVectorAddr                  
20004000  resetVectors                     
20013d9c  rxBuffer                         
2000f0c5  scalbn                           
2000f0c5  scalbnl                          
20013794  setPoint                         
2000efe9  setvbuf                          
20011889  snprintf                         
20012ce1  strchr                           
20012c71  strcmp                           
20012dad  strcpy                           
20012dc1  strlen                           
20012319  strncpy                          
20013da0  timer0                           
2001424c  timerCC32XXHWAttrs               
20013cbc  timerCC32XXObjects               
2001030d  timerCallback                    
2001379c  timerPeriod                      
20013da4  txBuffer                         
20013bf8  uartCC32XXObjects0               
20013da8  uartHandle                       
2001266d  unlink                           
2000f611  updateLED                        
20013799  wasPushed                        
20012e2f  wcslen                           
200127e1  write                            


GLOBAL SYMBOLS: SORTED BY Symbol Address 

address   name                             
-------   ----                             
00001000  __STACK_SIZE                     
00008000  __SYSMEM_SIZE                    
20003000  __stack                          
20004000  __STACK_END                      
20004000  __start___llvm_prf_cnts          
20004000  __stop___llvm_prf_cnts           
20004000  resetVectors                     
20004040  _sys_memory                      
2000c041  __TI_printfi                     
2000ca8f  Board_initHook                   
2000ca91  PRCMCC3200MCUInit                
2000cebd  UARTCC32XX_open                  
2000d3ad  initI2C                          
2000d5fd  GPIO_setConfig                   
2000d9ad  __aeabi_dsub                     
2000d9b7  __aeabi_dadd                     
2000db63  I2C_init                         
2000db65  PowerCC32XX_sleepPolicy          
2000dd01  mainThread                       
2000e219  Power_sleep                      
2000e351  __aeabi_ddiv                     
2000e487  PowerCC32XX_initPolicy           
2000e489  TimerCC32XX_open                 
2000e5b1  I2C_transferTimeout              
2000e6d3  TimerCC32XX_init                 
2000e6d5  UARTCC32XX_close                 
2000e915  fputs                            
2000ea29  aligned_alloc                    
2000ea29  memalign                         
2000eb29  I2C_open                         
2000ec25  __aeabi_dmul                     
2000ed21  UARTCC32XX_control               
2000ee13  UARTCC32XX_init                  
2000ee15  readTemp                         
2000ef05  free                             
2000efe9  setvbuf                          
2000f0c5  ldexp                            
2000f0c5  ldexpl                           
2000f0c5  scalbn                           
2000f0c5  scalbnl                          
2000f195  UARTCC32XX_write                 
2000f25f  _nop                             
2000f261  GPIO_init                        
2000f3e5  UARTCC32XX_readPolling           
2000f60f  clkFxn                           
2000f611  updateLED                        
2000fa31  IntEnable                        
2000fad9  PowerCC32XX_configureWakeup      
2000fcc5  SemaphoreP_pend                  
2000fe01  __aeabi_memcpy                   
2000fe01  __aeabi_memcpy4                  
2000fe01  __aeabi_memcpy8                  
2000fe01  memcpy                           
2000ff35  __aeabi_uldivmod                 
2001005d  HwiP_construct                   
200100e9  fputc                            
200100e9  putc                             
20010175  IntPendSet                       
200101fd  PinConfigSet                     
20010285  TimerCC32XX_setPeriod            
2001030d  timerCallback                    
20010395  __aeabi_cdcmpeq                  
20010395  __aeabi_cdcmple                  
2001041b  __aeabi_cdrcmple                 
200104a1  Power_init                       
200105a9  Power_setDependency              
2001071f  __aeabi_fmul                     
20010799  __aeabi_memclr                   
20010799  __aeabi_memclr4                  
20010799  __aeabi_memclr8                  
2001079b  __aeabi_memset                   
2001079b  __aeabi_memset4                  
2001079b  __aeabi_memset8                  
200107a1  memset                           
20010815  GPIO_hwiIntFxn                   
2001088d  TimerCC32XX_start                
200109f1  __TI_closefile                   
20010b43  __aeabi_idiv0                    
20010b43  __aeabi_ldiv0                    
20010b45  HOSTrename                       
20010bb1  I2CSupport_primeTransfer         
20010c1d  HOSTlseek                        
20010c85  __TI_decompress_lzss             
20010ced  printf                           
20010d55  UARTCC32XX_writeCancel           
20010dbd  PowerCC32XX_setParkState         
20010e21  fseek                            
20010e85  UARTCC32XX_writePolling          
20010ee7  __TI_wrt_ok                      
20010f49  HOSTopen                         
20010fa9  PRCMSysResetCauseGet             
20011009  GPIO_setCallback                 
20011065  close                            
200110c1  frexp                            
200110c1  frexpl                           
20011179  GPIO_write                       
200111d1  HOSTread                         
20011229  HOSTwrite                        
20011281  PRCMPeripheralReset              
200112d9  Power_releaseDependency          
20011331  TimerCC32XX_stop                 
200113dd  __TI_ltoa                        
20011431  initTimer                        
200114d9  PowerCC32XX_resumeLPDS           
200115d1  ClockP_doTick                    
200115d1  ClockP_sysTickHandler            
20011621  SemaphoreP_construct             
20011671  TimerCC32XX_allocateTimerResource
200116c1  GPIO_enableInt                   
20011759  PowerCC32XX_parkPin              
200117a5  __TI_doflush                     
200117f1  atoi                             
20011889  snprintf                         
200118d5  FlashDisable                     
2001191d  PRCMLPDSEnter                    
20011965  PRCMPeripheralClkEnable          
200119ad  Power_releaseConstraint          
200119f5  exit                             
20011a3d  __aeabi_d2iz                     
20011a85  RingBuf_put                      
20011b11  ClockP_stop                      
20011b55  HOSTclose                        
20011b99  HOSTunlink                       
20011bdd  PRCMLPDSRestoreInfoSet           
20011c21  PowerCC32XX_enterLPDS            
20011c65  SemaphoreP_post                  
20011ca9  SwiP_restore                     
20011ced  Timer_init                       
20011d31  UART_init                        
20011d75  __TI_auto_init_nobinit_nopinit   
20011db9  getdevice                        
20011dfd  initUART                         
20011e41  ClockP_construct                 
20011e81  PinModeSet                       
20011ec1  RingBuf_get                      
20011f01  Timer_open                       
20011f41  UARTCC32XX_read                  
20011f81  UART_open                        
20012001  ClockP_destruct                  
2001203d  Power_setConstraint              
20012079  TimerCC32XX_close                
200120ed  PRCMLPDSEnterKeepDebugIf         
2001215d  __TI_writemsg                    
2001218b  C$$IO$$                          
200121cd  initVectors                      
2001223d  __aeabi_f2iz                     
20012275  __aeabi_i2f                      
200122ad  TimerControlStall                
200122e3  UARTCC32XX_readCancel            
20012319  strncpy                          
20012351  ClockP_getTicksUntilInterrupt    
20012385  ClockP_startup                   
200123b9  PinModeGet                       
200123ed  PowerCC32XX_restoreParkState     
20012421  TimerCC32XX_freeTimerResource    
20012455  __TI_cleanup                     
20012489  __TI_readmsg                     
200124f1  ClockP_start                     
20012521  PowerCC32XX_restoreParkedPin     
20012581  finddevice                       
200125b1  gpioButtonFxn0                   
200125e1  gpioButtonFxn1                   
20012611  __aeabi_i2d                      
20012641  PowerCC32XX_getParkState         
2001266d  remove                           
2001266d  unlink                           
20012699  HwiP_create                      
200126c3  TimerLoadSet                     
200126ed  TimerPrescaleSet                 
20012717  I2CFIFODataPutNonBlocking        
20012741  PRCMPeripheralClkDisable         
20012769  Power_registerNotify             
200127b9  lseek                            
200127e1  write                            
20012809  I2CFIFODataGetNonBlocking        
2001282f  I2C_cancel                       
20012855  List_put                         
2001287b  List_remove                      
200128a1  HwiP_dispatch                    
200128c5  PowerCC32XX_reset                
200128e9  _c_int00_noargs                  
2001290d  I2CMasterSlaveAddrSet            
2001292f  HwiP_destruct                    
20012951  Power_unregisterNotify           
20012971  RingBuf_peek                     
200129b1  memchr                           
200129d1  I2CMasterIntStatusEx             
200129ef  SemaphoreP_constructBinary       
20012a0d  TimerDisable                     
20012a2b  TimerEnable                      
20012a49  PinToPadGet                      
20012a65  SwiP_disable                     
20012a9d  memccpy                          
20012ab9  ClockP_create                    
20012ad3  SemaphoreP_createBinary          
20012aed  resetISR                         
20012b00  resetVectorAddr                  
20012b07  I2CMasterBusBusy                 
20012b1f  I2CMasterIntDisableEx            
20012b37  I2CMasterIntEnableEx             
20012b4f  I2CRxFIFOFlush                   
20012b67  I2CTxFIFOFlush                   
20012b81  Power_getTransitionLatency       
20012b99  Power_idleFunc                   
20012bb1  TimerCC32XX_getCount             
20012bc9  TimerIntDisable                  
20012be1  TimerIntEnable                   
20012bf9  UARTBusy                         
20012c11  UARTIntEnable                    
20012c29  UART_Params_init                 
20012c59  __aeabi_lmul                     
20012c71  strcmp                           
20012c89  I2CMasterBurstLengthSet          
20012c9f  PRCMHIBRegRead                   
20012cb5  PRCMHIBRegWrite                  
20012ccb  SemaphoreP_create                
20012ce1  strchr                           
20012cf7  CPUcpsid                         
20012d0d  HwiP_inISR                       
20012d21  I2CSupport_masterFinish          
20012d35  I2C_transfer                     
20012d49  IntVTableBaseSet                 
20012d5d  Power_disablePolicy              
20012d71  Power_getDependencyCount         
20012d85  changeThermo                     
20012dad  strcpy                           
20012dc1  strlen                           
20012dd5  HwiP_Params_init                 
20012de7  I2CMasterIntClearEx              
20012df9  RingBuf_construct                
20012e0b  TimerIntClear                    
20012e1d  main                             
20012e2f  wcslen                           
20012e41  Board_init                       
20012e51  ClockP_add                       
20012e61  ClockP_delete                    
20012e71  ClockP_getCpuFreq                
20012e81  ClockP_getSystemTicks            
20012e91  ClockP_setTicks                  
20012ea1  HwiP_delete                      
20012eb1  HwiP_restore                     
20012ec1  I2CFIFOStatus                    
20012ed1  I2C_Params_init                  
20012ee1  Power_enablePolicy               
20012ef1  SemaphoreP_Params_init           
20012f01  Timer_Params_init                
20012f21  HwiP_clearInterrupt              
20012f2f  HwiP_disable                     
20012f3d  HwiP_disableInterrupt            
20012f4b  HwiP_enable                      
20012f4b  NoRTOS_start                     
20012f59  HwiP_enableInterrupt             
20012f75  RingBuf_isFull                   
20012f83  __TI_decompress_none             
20012f9d  Power_getConstraintMask          
20012fa9  copysign                         
20012fa9  copysignl                        
20012fb5  __TI_zero_init                   
20012fd9  ClockP_Params_init               
20012fe3  ClockP_isActive                  
20012fed  IntMasterDisable                 
20012ff7  Timer_start                      
20013001  UART_write                       
20013015  __aeabi_errno_addr               
2001301d  malloc                           
20013035  I2CSupport_powerRelConstraint    
2001303b  I2CSupport_powerSetConstraint    
20013041  TimerCC32XX_control              
20013047  UtilsDelay                       
2001304d  ClockP_setTimeout                
20013051  HwiP_post                        
20013055  SemaphoreP_delete                
20013061  _system_pre_init                 
20013065  C$$EXIT                          
20013065  abort                            
20013374  PowerCC32XX_module               
200134e0  parkInfo                         
200135d8  _ftable                          
200136c8  _device                          
20013740  _stream                          
20013790  TimerFlag                        
20013794  setPoint                         
20013798  direction                        
20013799  wasPushed                        
2001379c  timerPeriod                      
200137a0  heat                             
200137a4  __TI_ft_end                      
200137a8  __aeabi_stdin                    
200137ac  __aeabi_stdout                   
200137b0  __aeabi_stderr                   
200137b4  __TI_cleanup_ptr                 
200137b8  __TI_dtors_ptr                   
200137bc  __TI_enable_exit_profile_output  
200137c0  gpioCallbackFunctions            
200137cc  gpioPinConfigs                   
200137e4  _lock                            
200137e8  _unlock                          
200137f4  SemaphoreP_defaultParams         
200137fc  HwiP_key                         
20013800  HwiP_swiPIntNum                  
20013804  ClockP_tickPeriod                
2001380c  errno                            
20013810  PowerCC32XX_contextSave          
2001393c  __CIOBUF_                        
20013a5c  i2cCC32XXObjects                 
20013b58  __TI_tmpnams                     
20013bf8  uartCC32XXObjects0               
20013c7c  output                           
20013cbc  timerCC32XXObjects               
20013d30  i2cTransaction                   
20013d68  ClockP_ctrl                      
20013d85  parmbuf                          
20013d8d  State                            
20013d98  i2c                              
20013d9c  rxBuffer                         
20013da0  timer0                           
20013da4  txBuffer                         
20013da8  uartHandle                       
20013dac  _ctypes_                         
20014058  PowerCC32XX_config               
2001409c  UARTCC32XX_fxnTable              
200140c4  UART_defaultParams               
20014130  TimerCC32XX_fxnTable             
200141b8  GPIOCC32XX_config                
200141e0  i2cCC32XXHWAttrs                 
2001421c  I2C_defaultParams                
2001424c  timerCC32XXHWAttrs               
20014268  Timer_config                     
20014274  UART_config                      
2001428c  CONFIG_GPIO_BUTTON_0_CONST       
2001428d  CONFIG_GPIO_BUTTON_1_CONST       
2001428e  CONFIG_GPIO_LED_0_CONST          
2001428f  CONFIG_I2C_0_CONST               
20014290  I2C_count                        
20014291  CONFIG_TIMER_0_CONST             
20014292  Timer_count                      
20014293  CONFIG_UART_0_CONST              
20014294  UART_count                       
20014298  I2C_config                       
200142a0  outPinTypes                      
200142b6  inPinTypes                       
200142bc  outPinStrengths                  
200142c8  __TI_static_base__               
200143ec  __TI_Handler_Table_Base          
200143f8  __TI_Handler_Table_Limit         
20014400  __TI_CINIT_Base                  
20014410  __TI_CINIT_Limit                 
ffffffff  __TI_pprof_out_hndl              
ffffffff  __TI_prof_data_size              
ffffffff  __TI_prof_data_start             
ffffffff  __binit__                        
ffffffff  __c_args__                       
ffffffff  binit                            
UNDEFED   ITM_flush                        
UNDEFED   ITM_restore                      
UNDEFED   __mpu_init                       
UNDEFED   _system_post_cinit               

[357 symbols]
