******************************************************************************
                  TI ARM Linker PC v20.2.6                     
******************************************************************************
>> Linked Thu Jul 21 03:16:24 2022

OUTPUT FILE NAME:   <uartecho_CC3220S_LAUNCHXL_nortos_ccs.out>
ENTRY POINT SYMBOL: "resetISR"  address: 2000f2c1


MEMORY CONFIGURATION

         name            origin    length      used     unused   attr    fill
----------------------  --------  ---------  --------  --------  ----  --------
  SRAM2                 20000000   00004000  0000130c  00002cf4  RW X
  SRAM                  20004000   0003c000  0000c1fe  0002fe02  RW X
  LOG_DATA              90000000   00040000  00000000  00040000  R   


SEGMENT ALLOCATION MAP

run origin  load origin   length   init length attrs members
----------  ----------- ---------- ----------- ----- -------
20003000    20003000    00001000   00000000    rw-
  20003000    20003000    00001000   00000000    rw- .stack
20004000    20004000    00000040   00000040    r--
  20004000    20004000    00000040   00000040    r-- .resetVecs
20004040    20004040    00008000   00000000    rw-
  20004040    20004040    00008000   00000000    rw- .sysmem
2000c040    2000c040    00003584   00003584    r-x
  2000c040    2000c040    00003584   00003584    r-x .text
2000f5c4    2000f5c4    000005ac   00000000    rw-
  2000f5c4    2000f5c4    000005ac   00000000    rw- .data
2000fb70    2000fb70    0000037a   0000037a    r--
  2000fb70    2000fb70    0000037a   0000037a    r-- .const
2000fef0    2000fef0    0000022c   00000000    rw-
  2000fef0    2000fef0    0000022c   00000000    rw- .bss
20010120    20010120    000000e8   000000e8    r--
  20010120    20010120    000000e8   000000e8    r-- .cinit


SECTION ALLOCATION MAP

 output                                  attributes/
section   page    origin      length       input sections
--------  ----  ----------  ----------   ----------------
.text      0    2000c040    00003584     
                  2000c040    0000042c     driverlib.a : prcm.obj (.text:PRCMCC3200MCUInit)
                  2000c46c    00000288     drivers_cc32xx.a : UARTCC32XX.oem4 (.text:UARTCC32XX_open)
                  2000c6f4    000001e4                      : GPIOCC32XX.oem4 (.text:GPIO_setConfig)
                  2000c8d8    0000019c     nortos_cc32xx.a : PowerCC32XX_nortos.oem4 (.text:PowerCC32XX_sleepPolicy)
                  2000ca74    00000148     drivers_cc32xx.a : PowerCC32XX.oem4 (.text:parkPins)
                  2000cbbc    00000138                      : PowerCC32XX.oem4 (.text:Power_sleep)
                  2000ccf4    00000120                      : UARTCC32XX.oem4 (.text:UARTCC32XX_close)
                  2000ce14    00000100     rtsv7M4_T_le_eabi.lib : memory.c.obj (.text:aligned_alloc)
                  2000cf14    000000f2     drivers_cc32xx.a : UARTCC32XX.oem4 (.text:UARTCC32XX_control)
                  2000d006    00000002     ti_drivers_config.obj (.text:Board_initHook)
                  2000d008    000000e8     uartecho.obj (.text:mainThread)
                  2000d0f0    000000e4     rtsv7M4_T_le_eabi.lib : memory.c.obj (.text:free)
                  2000d1d4    000000ca     drivers_cc32xx.a : UARTCC32XX.oem4 (.text:UARTCC32XX_write)
                  2000d29e    00000002     nortos_cc32xx.a : PowerCC32XX_nortos.oem4 (.text:PowerCC32XX_initPolicy)
                  2000d2a0    000000c4     drivers_cc32xx.a : GPIOCC32XX.oem4 (.text:GPIO_init)
                  2000d364    000000c0                      : PowerCC32XX.oem4 (.text:restoreParkedPins)
                  2000d424    000000ba                      : UARTCC32XX.oem4 (.text:UARTCC32XX_readPolling)
                  2000d4de    00000002                      : UARTCC32XX.oem4 (.text:UARTCC32XX_init)
                  2000d4e0    000000b8                      : UARTCC32XX.oem4 (.text:initHw)
                  2000d598    000000b6                      : UARTCC32XX.oem4 (.text:readTaskCallback)
                  2000d64e    000000b0                      : UARTCC32XX.oem4 (.text:readTaskBlocking)
                  2000d6fe    000000ae                      : UARTCC32XX.oem4 (.text:readIsrTextBlocking)
                  2000d7ac    000000a8     driverlib.a : interrupt.obj (.text:IntEnable)
                  2000d854    000000a8     drivers_cc32xx.a : PowerCC32XX.oem4 (.text:PowerCC32XX_configureWakeup)
                  2000d8fc    000000a2                      : UARTCC32XX.oem4 (.text:readIsrTextCallback)
                  2000d99e    000000a2                      : UARTCC32XX.oem4 (.text:writeData)
                  2000da40    000000a0     nortos_cc32xx.a : SemaphoreP_nortos.oem4 (.text:SemaphoreP_pend)
                  2000dae0    0000009c     rtsv7M4_T_le_eabi.lib : memcpy_t2.asm.obj (.text)
                  2000db7c    00000098     drivers_cc32xx.a : GPIOCC32XX.oem4 (.text:powerNotifyFxn)
                  2000dc14    00000096     rtsv7M4_T_le_eabi.lib : ull_div_t2.asm.obj (.text)
                  2000dcaa    00000002                           : _lock.c.obj (.text:_nop)
                  2000dcac    00000090     drivers_cc32xx.a : PowerCC32XX.oem4 (.text:restoreNVICRegs)
                  2000dd3c    0000008c     nortos_cc32xx.a : HwiPCC32XX_nortos.oem4 (.text:HwiP_construct)
                  2000ddc8    00000088     driverlib.a : interrupt.obj (.text:IntPendSet)
                  2000de50    00000088                 : pin.obj (.text:PinConfigSet)
                  2000ded8    00000084     drivers_cc32xx.a : PowerCC32XX.oem4 (.text:Power_init)
                  2000df5c    00000084                      : PowerCC32XX.oem4 (.text:saveNVICRegs)
                  2000dfe0    00000080                      : PowerCC32XX.oem4 (.text:Power_setDependency)
                  2000e060    0000007c                      : UARTCC32XX.oem4 (.text:readIsrBinaryBlocking)
                  2000e0dc    00000078                      : GPIOCC32XX.oem4 (.text:GPIO_hwiIntFxn)
                  2000e154    00000078                      : UARTCC32XX.oem4 (.text:readIsrBinaryCallback)
                  2000e1cc    00000074                      : UARTCC32XX.oem4 (.text:UARTCC32XX_hwiIntFxn)
                  2000e240    00000070     rtsv7M4_T_le_eabi.lib : memory.c.obj (.text:split)
                  2000e2b0    00000068                           : copy_decompress_lzss.c.obj (.text:decompress:lzss:__TI_decompress_lzss)
                  2000e318    00000066     drivers_cc32xx.a : UARTCC32XX.oem4 (.text:UARTCC32XX_writeCancel)
                  2000e37e    00000002     nortos_cc32xx.a : startup_cc32xx_ccs.oem4 (.text:busFaultHandler)
                  2000e380    00000064     drivers_cc32xx.a : PowerCC32XX.oem4 (.text:PowerCC32XX_setParkState)
                  2000e3e4    00000062                      : UARTCC32XX.oem4 (.text:UARTCC32XX_writePolling)
                  2000e446    00000002     nortos_cc32xx.a : SemaphoreP_nortos.oem4 (.text:clkFxn)
                  2000e448    00000060     driverlib.a : prcm.obj (.text:PRCMSysResetCauseGet)
                  2000e4a8    0000005c     drivers_cc32xx.a : GPIOCC32XX.oem4 (.text:GPIO_setCallback)
                  2000e504    0000005c     nortos_cc32xx.a : ClockPSysTick_nortos.oem4 (.text:sysTickInit)
                  2000e560    00000058     drivers_cc32xx.a : GPIOCC32XX.oem4 (.text:GPIO_write)
                  2000e5b8    00000058     driverlib.a : prcm.obj (.text:PRCMPeripheralReset)
                  2000e610    00000058     drivers_cc32xx.a : PowerCC32XX.oem4 (.text:Power_releaseDependency)
                  2000e668    00000054                      : UARTCC32XX.oem4 (.text:ringBufGet)
                  2000e6bc    00000052                      : PowerCC32XX_asm.oem4 (.text:PowerCC32XX_resumeLPDS)
                  2000e70e    00000002     nortos_cc32xx.a : startup_cc32xx_ccs.oem4 (.text:defaultHandler)
                  2000e710    00000050                     : ClockPSysTick_nortos.oem4 (.text:ClockP_sysTickHandler)
                  2000e760    00000050                     : SemaphoreP_nortos.oem4 (.text:SemaphoreP_construct)
                  2000e7b0    0000004c     drivers_cc32xx.a : GPIOCC32XX.oem4 (.text:GPIO_enableInt)
                  2000e7fc    0000004c                      : PowerCC32XX.oem4 (.text:PowerCC32XX_parkPin)
                  2000e848    0000004c                      : PowerCC32XX.oem4 (.text:restorePeriphClocks)
                  2000e894    00000048     driverlib.a : flash.obj (.text:FlashDisable)
                  2000e8dc    00000048                 : prcm.obj (.text:PRCMLPDSEnter)
                  2000e924    00000048                 : prcm.obj (.text:PRCMPeripheralClkEnable)
                  2000e96c    00000048     drivers_cc32xx.a : PowerCC32XX.oem4 (.text:Power_releaseConstraint)
                  2000e9b4    00000046                      : RingBuf.oem4 (.text:RingBuf_put)
                  2000e9fa    00000002     nortos_cc32xx.a : startup_cc32xx_ccs.oem4 (.text:faultISR)
                  2000e9fc    00000044                     : ClockPSysTick_nortos.oem4 (.text:ClockP_stop)
                  2000ea40    00000044     driverlib.a : prcm.obj (.text:PRCMLPDSRestoreInfoSet)
                  2000ea84    00000044     drivers_cc32xx.a : PowerCC32XX_asm.oem4 (.text:PowerCC32XX_enterLPDS)
                  2000eac8    00000044     nortos_cc32xx.a : SemaphoreP_nortos.oem4 (.text:SemaphoreP_post)
                  2000eb0c    00000044                     : SwiP_nortos.oem4 (.text:SwiP_restore)
                  2000eb50    00000044     drivers_cc32xx.a : UART.oem4 (.text:UART_init)
                  2000eb94    00000044     rtsv7M4_T_le_eabi.lib : autoinit.c.obj (.text:__TI_auto_init_nobinit_nopinit:__TI_auto_init_nobinit_nopinit)
                  2000ebd8    00000040     nortos_cc32xx.a : ClockPSysTick_nortos.oem4 (.text:ClockP_construct)
                  2000ec18    00000040     driverlib.a : pin.obj (.text:PinModeSet)
                  2000ec58    00000040     drivers_cc32xx.a : RingBuf.oem4 (.text:RingBuf_get)
                  2000ec98    00000040                      : UARTCC32XX.oem4 (.text:UARTCC32XX_read)
                  2000ecd8    00000040                      : UART.oem4 (.text:UART_open)
                  2000ed18    0000003c     nortos_cc32xx.a : ClockPSysTick_nortos.oem4 (.text:ClockP_destruct)
                  2000ed54    0000003c     drivers_cc32xx.a : PowerCC32XX.oem4 (.text:Power_setConstraint)
                  2000ed90    0000003a     nortos_cc32xx.a : PowerCC32XX_nortos.oem4 (.text:getCountsRTC)
                  2000edca    00000002                     : startup_cc32xx_ccs.oem4 (.text:nmiISR)
                  2000edcc    00000038     driverlib.a : prcm.obj (.text:PRCMLPDSEnterKeepDebugIf)
                  2000ee04    00000038     nortos_cc32xx.a : ClockPSysTick_nortos.oem4 (.text:addToList)
                  2000ee3c    00000038                     : startup_cc32xx_ccs.oem4 (.text:initVectors)
                  2000ee74    00000038     drivers_cc32xx.a : PowerCC32XX.oem4 (.text:notify)
                  2000eeac    00000036                      : UARTCC32XX.oem4 (.text:UARTCC32XX_readCancel)
                  2000eee2    00000002     rtsv7M4_T_le_eabi.lib : div0.asm.obj (.text)
                  2000eee4    00000034     nortos_cc32xx.a : ClockPSysTick_nortos.oem4 (.text:ClockP_getTicksUntilInterrupt)
                  2000ef18    00000034                     : ClockPSysTick_nortos.oem4 (.text:ClockP_startup)
                  2000ef4c    00000034     driverlib.a : pin.obj (.text:PinModeGet)
                  2000ef80    00000034     drivers_cc32xx.a : PowerCC32XX.oem4 (.text:PowerCC32XX_restoreParkState)
                  2000efb4    00000030     nortos_cc32xx.a : ClockPSysTick_nortos.oem4 (.text:ClockP_start)
                  2000efe4    00000030     drivers_cc32xx.a : PowerCC32XX.oem4 (.text:PowerCC32XX_restoreParkedPin)
                  2000f014    0000002c                      : PowerCC32XX.oem4 (.text:PowerCC32XX_getParkState)
                  2000f040    0000002a     nortos_cc32xx.a : HwiPCC32XX_nortos.oem4 (.text:HwiP_create)
                  2000f06a    00000002     --HOLE-- [fill = 0]
                  2000f06c    00000028     driverlib.a : prcm.obj (.text:PRCMPeripheralClkDisable)
                  2000f094    00000028     drivers_cc32xx.a : PowerCC32XX.oem4 (.text:Power_registerNotify)
                  2000f0bc    00000028     rtsv7M4_T_le_eabi.lib : memory.c.obj (.text:free_list_insert)
                  2000f0e4    00000026     drivers_cc32xx.a : List.oem4 (.text:List_put)
                  2000f10a    00000026                      : List.oem4 (.text:List_remove)
                  2000f130    00000024     nortos_cc32xx.a : HwiPCC32XX_nortos.oem4 (.text:HwiP_dispatch)
                  2000f154    00000024     drivers_cc32xx.a : PowerCC32XX.oem4 (.text:PowerCC32XX_reset)
                  2000f178    00000024     rtsv7M4_T_le_eabi.lib : boot_cortex_m.c.obj (.text:_c_int00_noargs:_c_int00_noargs)
                  2000f19c    00000020     nortos_cc32xx.a : HwiPCC32XX_nortos.oem4 (.text:HwiP_destruct)
                  2000f1bc    00000020     drivers_cc32xx.a : PowerCC32XX.oem4 (.text:Power_unregisterNotify)
                  2000f1dc    00000020                      : RingBuf.oem4 (.text:RingBuf_peek)
                  2000f1fc    00000020                      : UARTCC32XX.oem4 (.text:getPowerMgrId)
                  2000f21c    0000001c     driverlib.a : pin.obj (.text:PinToPadGet)
                  2000f238    0000001c     nortos_cc32xx.a : SwiP_nortos.oem4 (.text:SwiP_disable)
                  2000f254    0000001c     rtsv7M4_T_le_eabi.lib : copy_zero_init.c.obj (.text:decompress:ZI:__TI_zero_init_nomemset:__TI_zero_init_nomemset)
                  2000f270    0000001c                           : memory.c.obj (.text:free_list_remove)
                  2000f28c    0000001a     nortos_cc32xx.a : ClockPSysTick_nortos.oem4 (.text:ClockP_create)
                  2000f2a6    0000001a                     : SemaphoreP_nortos.oem4 (.text:SemaphoreP_createBinary)
                  2000f2c0    0000001a                     : startup_cc32xx_ccs.oem4 (.text:resetISR)
                  2000f2da    00000002     --HOLE-- [fill = 0]
                  2000f2dc    00000018     drivers_cc32xx.a : PowerCC32XX.oem4 (.text:Power_getTransitionLatency)
                  2000f2f4    00000018                      : PowerCC32XX.oem4 (.text:Power_idleFunc)
                  2000f30c    00000018     driverlib.a : uart.obj (.text:UARTBusy)
                  2000f324    00000018                 : uart.obj (.text:UARTIntEnable)
                  2000f33c    00000018     drivers_cc32xx.a : UART.oem4 (.text:UART_Params_init)
                  2000f354    00000018     rtsv7M4_T_le_eabi.lib : ll_mul_t2.asm.obj (.text)
                  2000f36c    00000016     driverlib.a : prcm.obj (.text:PRCMHIBRegRead)
                  2000f382    00000016                 : prcm.obj (.text:PRCMHIBRegWrite)
                  2000f398    00000016     nortos_cc32xx.a : SemaphoreP_nortos.oem4 (.text:SemaphoreP_create)
                  2000f3ae    00000014     driverlib.a : cpu.obj (.text:CPUcpsid)
                  2000f3c2    00000002     --HOLE-- [fill = 0]
                  2000f3c4    00000014     nortos_cc32xx.a : HwiPCC32XX_nortos.oem4 (.text:HwiP_inISR)
                  2000f3d8    00000014     driverlib.a : interrupt.obj (.text:IntVTableBaseSet)
                  2000f3ec    00000014     drivers_cc32xx.a : PowerCC32XX.oem4 (.text:Power_disablePolicy)
                  2000f400    00000014                      : PowerCC32XX.oem4 (.text:Power_getDependencyCount)
                  2000f414    00000014                      : UARTCC32XX.oem4 (.text:releasePowerConstraint)
                  2000f428    00000012     nortos_cc32xx.a : HwiPCC32XX_nortos.oem4 (.text:HwiP_Params_init)
                  2000f43a    00000012     drivers_cc32xx.a : RingBuf.oem4 (.text:RingBuf_construct)
                  2000f44c    00000012     main_nortos.obj (.text:main)
                  2000f45e    00000010     ti_drivers_config.obj (.text:Board_init)
                  2000f46e    00000010     nortos_cc32xx.a : ClockPSysTick_nortos.oem4 (.text:ClockP_add)
                  2000f47e    00000010                     : ClockPSysTick_nortos.oem4 (.text:ClockP_delete)
                  2000f48e    00000002     --HOLE-- [fill = 0]
                  2000f490    00000010                     : ClockPSysTick_nortos.oem4 (.text:ClockP_getCpuFreq)
                  2000f4a0    00000010                     : ClockPSysTick_nortos.oem4 (.text:ClockP_getSystemTicks)
                  2000f4b0    00000010                     : ClockPSysTick_nortos.oem4 (.text:ClockP_setTicks)
                  2000f4c0    00000010                     : HwiPCC32XX_nortos.oem4 (.text:HwiP_delete)
                  2000f4d0    00000010                     : HwiPCC32XX_nortos.oem4 (.text:HwiP_restore)
                  2000f4e0    00000010     drivers_cc32xx.a : PowerCC32XX.oem4 (.text:Power_enablePolicy)
                  2000f4f0    00000010     nortos_cc32xx.a : SemaphoreP_nortos.oem4 (.text:SemaphoreP_Params_init)
                  2000f500    00000010     drivers_cc32xx.a : UARTCC32XX.oem4 (.text:readBlockingTimeout)
                  2000f510    0000000e     nortos_cc32xx.a : HwiPCC32XX_nortos.oem4 (.text:HwiP_disable)
                  2000f51e    0000000e                     : HwiPCC32XX_nortos.oem4 (.text:HwiP_enable)
                  2000f52c    0000000e     drivers_cc32xx.a : RingBuf.oem4 (.text:RingBuf_isFull)
                  2000f53a    0000000e     rtsv7M4_T_le_eabi.lib : copy_decompress_none.c.obj (.text:decompress:none:__TI_decompress_none)
                  2000f548    0000000c     drivers_cc32xx.a : PowerCC32XX.oem4 (.text:Power_getConstraintMask)
                  2000f554    0000000c                      : UARTCC32XX.oem4 (.text:postNotifyFxn)
                  2000f560    0000000a     nortos_cc32xx.a : ClockPSysTick_nortos.oem4 (.text:ClockP_Params_init)
                  2000f56a    0000000a                     : ClockPSysTick_nortos.oem4 (.text:ClockP_isActive)
                  2000f574    0000000a     driverlib.a : interrupt.obj (.text:IntMasterDisable)
                  2000f57e    0000000a     drivers_cc32xx.a : UART.oem4 (.text:UART_read)
                  2000f588    0000000a                      : UART.oem4 (.text:UART_write)
                  2000f592    00000008     rtsv7M4_T_le_eabi.lib : memory.c.obj (.text:malloc)
                  2000f59a    00000008     drivers_cc32xx.a : UARTCC32XX.oem4 (.text:readSemCallback)
                  2000f5a2    00000008                      : UARTCC32XX.oem4 (.text:writeSemCallback)
                  2000f5aa    00000006     driverlib.a : utils.obj (.text:UtilsDelay)
                  2000f5b0    00000004     nortos_cc32xx.a : ClockPSysTick_nortos.oem4 (.text:ClockP_setTimeout)
                  2000f5b4    00000004                     : HwiPCC32XX_nortos.oem4 (.text:HwiP_post)
                  2000f5b8    00000004                     : SemaphoreP_nortos.oem4 (.text:SemaphoreP_delete)
                  2000f5bc    00000004     rtsv7M4_T_le_eabi.lib : pre_init.c.obj (.text:_system_pre_init)
                  2000f5c0    00000004                           : exit.c.obj (.text:abort:abort)

.const     0    2000fb70    0000037a     
                  2000fb70    00000100     driverlib.a : pin.obj (.const:g_ulPinToPadMap)
                  2000fc70    000000a8                 : prcm.obj (.const:PRCM_PeriphRegsList)
                  2000fd18    00000044     ti_drivers_config.obj (.const:PowerCC32XX_config)
                  2000fd5c    00000028     drivers_cc32xx.a : UARTCC32XX.oem4 (.const:UARTCC32XX_fxnTable)
                  2000fd84    00000024                      : UART.oem4 (.const:UART_defaultParams)
                  2000fda8    00000024     ti_drivers_config.obj (.const:uartCC32XXHWAttrs0)
                  2000fdcc    00000021     drivers_cc32xx.a : GPIOCC32XX.oem4 (.const:.string:pinTable)
                  2000fded    00000003     ti_drivers_config.obj (.const)
                  2000fdf0    00000020     drivers_cc32xx.a : UARTCC32XX.oem4 (.const:staticFxnTable)
                  2000fe10    00000018     driverlib.a : interrupt.obj (.const:g_pulEnRegs)
                  2000fe28    00000018                 : interrupt.obj (.const:g_pulPendRegs)
                  2000fe40    00000016     uartecho.obj (.const:.string:$P$T0$1)
                  2000fe56    00000002     --HOLE-- [fill = 0]
                  2000fe58    00000014     ti_drivers_config.obj (.const:GPIOCC32XX_config)
                  2000fe6c    00000014     drivers_cc32xx.a : GPIOCC32XX.oem4 (.const:gpioBaseAddresses)
                  2000fe80    00000014                      : UARTCC32XX.oem4 (.const:parityType)
                  2000fe94    00000014                      : GPIOCC32XX.oem4 (.const:powerResources)
                  2000fea8    00000010                      : UARTCC32XX.oem4 (.const:dataLength)
                  2000feb8    0000000c     ti_drivers_config.obj (.const:UART_config)
                  2000fec4    00000008     drivers_cc32xx.a : GPIOCC32XX.oem4 (.const:outPinTypes)
                  2000fecc    00000008                      : UARTCC32XX.oem4 (.const:stopBits)
                  2000fed4    00000006                      : GPIOCC32XX.oem4 (.const:.string:interruptType)
                  2000feda    00000006                      : GPIOCC32XX.oem4 (.const:inPinTypes)
                  2000fee0    00000006                      : GPIOCC32XX.oem4 (.const:outPinStrengths)
                  2000fee6    00000004                      : GPIOCC32XX.oem4 (.const:.string:portInterruptIds)

.cinit     0    20010120    000000e8     
                  20010120    000000be     (.cinit..data.load) [load image, compression = lzss]
                  200101de    00000002     --HOLE-- [fill = 0]
                  200101e0    0000000c     (__TI_handler_table)
                  200101ec    00000004     --HOLE-- [fill = 0]
                  200101f0    00000008     (.cinit..bss.load) [load image, compression = zero_init]
                  200101f8    00000010     (__TI_cinit_table)

.init_array 
*          0    20004000    00000000     UNINITIALIZED

.ramVecs   0    20000000    0000030c     NOLOAD SECTION
                  20000000    0000030c     nortos_cc32xx.a : startup_cc32xx_ccs.oem4 (.ramVecs)

.stack     0    20003000    00001000     UNINITIALIZED
                  20003000    00000004     rtsv7M4_T_le_eabi.lib : boot_cortex_m.c.obj (.stack)
                  20003004    00000ffc     --HOLE--

.resetVecs 
*          0    20004000    00000040     
                  20004000    00000040     nortos_cc32xx.a : startup_cc32xx_ccs.oem4 (.resetVecs:retain)

.sysmem    0    20004040    00008000     UNINITIALIZED
                  20004040    00000010     rtsv7M4_T_le_eabi.lib : memory.c.obj (.sysmem)
                  20004050    00007ff0     --HOLE--

.data      0    2000f5c4    000005ac     UNINITIALIZED
                  2000f5c4    0000030c     nortos_cc32xx.a : HwiPCC32XX_nortos.oem4 (.data:HwiP_dispatchTable)
                  2000f8d0    0000016c     drivers_cc32xx.a : PowerCC32XX.oem4 (.data:PowerCC32XX_module)
                  2000fa3c    000000f8     ti_drivers_config.obj (.data:parkInfo)
                  2000fb34    00000009     drivers_cc32xx.a : GPIOCC32XX.oem4 (.data)
                  2000fb3d    00000003     nortos_cc32xx.a : SemaphoreP_nortos.oem4 (.data)
                  2000fb40    00000008     rtsv7M4_T_le_eabi.lib : _lock.c.obj (.data:$O1$$)
                  2000fb48    00000008                           : memory.c.obj (.data:$O1$$)
                  2000fb50    00000008     nortos_cc32xx.a : SemaphoreP_nortos.oem4 (.data:SemaphoreP_defaultParams)
                  2000fb58    00000008                     : HwiPCC32XX_nortos.oem4 (.data)
                  2000fb60    00000005                     : ClockPSysTick_nortos.oem4 (.data)
                  2000fb65    00000001     drivers_cc32xx.a : UART.oem4 (.data)
                  2000fb66    00000002     --HOLE--
                  2000fb68    00000004     ti_drivers_config.obj (.data:gpioCallbackFunctions)
                  2000fb6c    00000004     ti_drivers_config.obj (.data:gpioPinConfigs)

.bss       0    2000fef0    0000022c     UNINITIALIZED
                  2000fef0    0000012c     (.common:PowerCC32XX_contextSave)
                  2001001c    00000084     (.common:uartCC32XXObjects0)
                  200100a0    00000020     drivers_cc32xx.a : GPIOCC32XX.oem4 (.bss:gpioCallbackInfo)
                  200100c0    00000020     ti_drivers_config.obj (.bss:uartCC32XXRingBuffer0)
                  200100e0    00000014     drivers_cc32xx.a : GPIOCC32XX.oem4 (.bss:powerNotifyObj)
                  200100f4    00000004                      : GPIOCC32XX.oem4 (.bss)
                  200100f8    00000010     (.common:ClockP_ctrl)
                  20010108    0000000d     nortos_cc32xx.a : SwiP_nortos.oem4 (.bss)
                  20010115    00000003     --HOLE--
                  20010118    00000004                     : ClockPSysTick_nortos.oem4 (.bss)

.log_data 
*          0    90000000    00000000     COPY SECTION

__llvm_prf_cnts 
*          0    20004000    00000000     UNINITIALIZED

MODULE SUMMARY

       Module                       code    ro data   rw data
       ------                       ----    -------   -------
    .\
       uartecho.obj                 232     22        0      
       main_nortos.obj              18      0         0      
    +--+----------------------------+-------+---------+---------+
       Total:                       250     22        0      
                                                             
    .\syscfg\
       ti_drivers_config.obj        18      139       420    
    +--+----------------------------+-------+---------+---------+
       Total:                       18      139       420    
                                                             
    C:/ti/simplelink_cc32xx_sdk_4_30_00_06/kernel/nortos/lib/ccs/m4/nortos_cc32xx.a
       HwiPCC32XX_nortos.oem4       352     0         788    
       startup_cc32xx_ccs.oem4      90      64        780    
       ClockPSysTick_nortos.oem4    702     0         25     
       PowerCC32XX_nortos.oem4      472     0         0      
       SemaphoreP_nortos.oem4       378     0         11     
       SwiP_nortos.oem4             96      0         13     
    +--+----------------------------+-------+---------+---------+
       Total:                       2090    64        1617   
                                                             
    C:/ti/simplelink_cc32xx_sdk_4_30_00_06/source/ti/devices/cc32xx/driverlib/ccs/Release/driverlib.a
       prcm.obj                     1604    168       0      
       pin.obj                      280     256       0      
       interrupt.obj                334     48        0      
       flash.obj                    72      0         0      
       uart.obj                     48      0         0      
       cpu.obj                      20      0         0      
       utils.obj                    6       0         0      
    +--+----------------------------+-------+---------+---------+
       Total:                       2364    472       0      
                                                             
    C:/ti/simplelink_cc32xx_sdk_4_30_00_06/source/ti/drivers/lib/ccs/m4/drivers_cc32xx.a
       UARTCC32XX.oem4              3466    116       0      
       PowerCC32XX.oem4             2432    0         664    
       GPIOCC32XX.oem4              1208    103       65     
       UART.oem4                    176     36        1      
       RingBuf.oem4                 198     0         0      
       PowerCC32XX_asm.oem4         150     0         0      
       List.oem4                    76      0         0      
    +--+----------------------------+-------+---------+---------+
       Total:                       7706    255       730    
                                                             
    C:\ti\ccs1120\ccs\tools\compiler\ti-cgt-arm_20.2.6.LTS\lib\rtsv7M4_T_le_eabi.lib
       memory.c.obj                 672     0         8      
       memcpy_t2.asm.obj            156     0         0      
       ull_div_t2.asm.obj           150     0         0      
       copy_decompress_lzss.c.obj   104     0         0      
       autoinit.c.obj               68      0         0      
       boot_cortex_m.c.obj          36      0         0      
       copy_zero_init.c.obj         28      0         0      
       ll_mul_t2.asm.obj            24      0         0      
       copy_decompress_none.c.obj   14      0         0      
       _lock.c.obj                  2       0         8      
       exit.c.obj                   4       0         0      
       pre_init.c.obj               4       0         0      
       div0.asm.obj                 2       0         0      
    +--+----------------------------+-------+---------+---------+
       Total:                       1264    0         16     
                                                             
       Heap:                        0       0         32768  
       Stack:                       0       0         4096   
       Linker Generated:            0       226       0      
    +--+----------------------------+-------+---------+---------+
       Grand Total:                 13692   1178      39647  


LINKER GENERATED COPY TABLES

__TI_cinit_table @ 200101f8 records: 2, size/record: 8, table size: 16
	.data: load addr=20010120, load size=000000be bytes, run addr=2000f5c4, run size=000005ac bytes, compression=lzss
	.bss: load addr=200101f0, load size=00000008 bytes, run addr=2000fef0, run size=0000022c bytes, compression=zero_init


LINKER GENERATED HANDLER TABLE

__TI_handler_table @ 200101e0 records: 3, size/record: 4, table size: 12
	index: 0, handler: __TI_decompress_lzss
	index: 1, handler: __TI_decompress_none
	index: 2, handler: __TI_zero_init


GLOBAL SYMBOLS: SORTED ALPHABETICALLY BY Name 

address   name                          
-------   ----                          
2000f45f  Board_init                    
2000d007  Board_initHook                
2000f5c1  C$$EXIT                       
2000fded  CONFIG_GPIO_LED_0_CONST       
2000fdee  CONFIG_UART_0_CONST           
2000f3af  CPUcpsid                      
2000f561  ClockP_Params_init            
2000f46f  ClockP_add                    
2000ebd9  ClockP_construct              
2000f28d  ClockP_create                 
200100f8  ClockP_ctrl                   
2000f47f  ClockP_delete                 
2000ed19  ClockP_destruct               
2000e711  ClockP_doTick                 
2000f491  ClockP_getCpuFreq             
2000f4a1  ClockP_getSystemTicks         
2000eee5  ClockP_getTicksUntilInterrupt 
2000f56b  ClockP_isActive               
2000f4b1  ClockP_setTicks               
2000f5b1  ClockP_setTimeout             
2000efb5  ClockP_start                  
2000ef19  ClockP_startup                
2000e9fd  ClockP_stop                   
2000e711  ClockP_sysTickHandler         
2000fb60  ClockP_tickPeriod             
2000e895  FlashDisable                  
2000fe58  GPIOCC32XX_config             
2000e7b1  GPIO_enableInt                
2000e0dd  GPIO_hwiIntFxn                
2000d2a1  GPIO_init                     
2000e4a9  GPIO_setCallback              
2000c6f5  GPIO_setConfig                
2000e561  GPIO_write                    
2000f429  HwiP_Params_init              
2000dd3d  HwiP_construct                
2000f041  HwiP_create                   
2000f4c1  HwiP_delete                   
2000f19d  HwiP_destruct                 
2000f511  HwiP_disable                  
2000f131  HwiP_dispatch                 
2000f51f  HwiP_enable                   
2000f3c5  HwiP_inISR                    
2000fb58  HwiP_key                      
2000f5b5  HwiP_post                     
2000f4d1  HwiP_restore                  
2000fb5c  HwiP_swiPIntNum               
UNDEFED   ITM_flush                     
UNDEFED   ITM_restore                   
2000d7ad  IntEnable                     
2000f575  IntMasterDisable              
2000ddc9  IntPendSet                    
2000f3d9  IntVTableBaseSet              
2000f0e5  List_put                      
2000f10b  List_remove                   
2000f51f  NoRTOS_start                  
2000c041  PRCMCC3200MCUInit             
2000f36d  PRCMHIBRegRead                
2000f383  PRCMHIBRegWrite               
2000e8dd  PRCMLPDSEnter                 
2000edcd  PRCMLPDSEnterKeepDebugIf      
2000ea41  PRCMLPDSRestoreInfoSet        
2000f06d  PRCMPeripheralClkDisable      
2000e925  PRCMPeripheralClkEnable       
2000e5b9  PRCMPeripheralReset           
2000e449  PRCMSysResetCauseGet          
2000de51  PinConfigSet                  
2000ef4d  PinModeGet                    
2000ec19  PinModeSet                    
2000f21d  PinToPadGet                   
2000fd18  PowerCC32XX_config            
2000d855  PowerCC32XX_configureWakeup   
2000fef0  PowerCC32XX_contextSave       
2000ea85  PowerCC32XX_enterLPDS         
2000f015  PowerCC32XX_getParkState      
2000d29f  PowerCC32XX_initPolicy        
2000f8d0  PowerCC32XX_module            
2000e7fd  PowerCC32XX_parkPin           
2000f155  PowerCC32XX_reset             
2000ef81  PowerCC32XX_restoreParkState  
2000efe5  PowerCC32XX_restoreParkedPin  
2000e6bd  PowerCC32XX_resumeLPDS        
2000e381  PowerCC32XX_setParkState      
2000c8d9  PowerCC32XX_sleepPolicy       
2000f3ed  Power_disablePolicy           
2000f4e1  Power_enablePolicy            
2000f549  Power_getConstraintMask       
2000f401  Power_getDependencyCount      
2000f2dd  Power_getTransitionLatency    
2000f2f5  Power_idleFunc                
2000ded9  Power_init                    
2000f095  Power_registerNotify          
2000e96d  Power_releaseConstraint       
2000e611  Power_releaseDependency       
2000ed55  Power_setConstraint           
2000dfe1  Power_setDependency           
2000cbbd  Power_sleep                   
2000f1bd  Power_unregisterNotify        
2000f43b  RingBuf_construct             
2000ec59  RingBuf_get                   
2000f52d  RingBuf_isFull                
2000f1dd  RingBuf_peek                  
2000e9b5  RingBuf_put                   
2000f4f1  SemaphoreP_Params_init        
2000e761  SemaphoreP_construct          
2000f399  SemaphoreP_create             
2000f2a7  SemaphoreP_createBinary       
2000fb50  SemaphoreP_defaultParams      
2000f5b9  SemaphoreP_delete             
2000da41  SemaphoreP_pend               
2000eac9  SemaphoreP_post               
2000f239  SwiP_disable                  
2000eb0d  SwiP_restore                  
2000f30d  UARTBusy                      
2000ccf5  UARTCC32XX_close              
2000cf15  UARTCC32XX_control            
2000fd5c  UARTCC32XX_fxnTable           
2000d4df  UARTCC32XX_init               
2000c46d  UARTCC32XX_open               
2000ec99  UARTCC32XX_read               
2000eead  UARTCC32XX_readCancel         
2000d425  UARTCC32XX_readPolling        
2000d1d5  UARTCC32XX_write              
2000e319  UARTCC32XX_writeCancel        
2000e3e5  UARTCC32XX_writePolling       
2000f325  UARTIntEnable                 
2000f33d  UART_Params_init              
2000feb8  UART_config                   
2000fdef  UART_count                    
2000fd84  UART_defaultParams            
2000eb51  UART_init                     
2000ecd9  UART_open                     
2000f57f  UART_read                     
2000f589  UART_write                    
2000f5ab  UtilsDelay                    
20004000  __STACK_END                   
00001000  __STACK_SIZE                  
00008000  __SYSMEM_SIZE                 
200101f8  __TI_CINIT_Base               
20010208  __TI_CINIT_Limit              
200101e0  __TI_Handler_Table_Base       
200101ec  __TI_Handler_Table_Limit      
2000eb95  __TI_auto_init_nobinit_nopinit
2000e2b1  __TI_decompress_lzss          
2000f53b  __TI_decompress_none          
ffffffff  __TI_pprof_out_hndl           
ffffffff  __TI_prof_data_size           
ffffffff  __TI_prof_data_start          
20010120  __TI_static_base__            
2000f255  __TI_zero_init_nomemset       
2000eee3  __aeabi_idiv0                 
2000eee3  __aeabi_ldiv0                 
2000f355  __aeabi_lmul                  
2000dae1  __aeabi_memcpy                
2000dae1  __aeabi_memcpy4               
2000dae1  __aeabi_memcpy8               
2000dc15  __aeabi_uldivmod              
ffffffff  __binit__                     
ffffffff  __c_args__                    
UNDEFED   __mpu_init                    
20003000  __stack                       
20004000  __start___llvm_prf_cnts       
20004000  __stop___llvm_prf_cnts        
2000f179  _c_int00_noargs               
2000fb40  _lock                         
2000dcab  _nop                          
20004040  _sys_memory                   
UNDEFED   _system_post_cinit            
2000f5bd  _system_pre_init              
2000fb44  _unlock                       
2000f5c1  abort                         
2000ce15  aligned_alloc                 
ffffffff  binit                         
2000e447  clkFxn                        
2000d0f1  free                          
2000fb68  gpioCallbackFunctions         
2000fb6c  gpioPinConfigs                
2000feda  inPinTypes                    
2000ee3d  initVectors                   
2000f44d  main                          
2000d009  mainThread                    
2000f593  malloc                        
2000ce15  memalign                      
2000dae1  memcpy                        
2000fee0  outPinStrengths               
2000fec4  outPinTypes                   
2000fa3c  parkInfo                      
2000f2c1  resetISR                      
2000f2d4  resetVectorAddr               
20004000  resetVectors                  
2001001c  uartCC32XXObjects0            


GLOBAL SYMBOLS: SORTED BY Symbol Address 

address   name                          
-------   ----                          
00001000  __STACK_SIZE                  
00008000  __SYSMEM_SIZE                 
20003000  __stack                       
20004000  __STACK_END                   
20004000  __start___llvm_prf_cnts       
20004000  __stop___llvm_prf_cnts        
20004000  resetVectors                  
20004040  _sys_memory                   
2000c041  PRCMCC3200MCUInit             
2000c46d  UARTCC32XX_open               
2000c6f5  GPIO_setConfig                
2000c8d9  PowerCC32XX_sleepPolicy       
2000cbbd  Power_sleep                   
2000ccf5  UARTCC32XX_close              
2000ce15  aligned_alloc                 
2000ce15  memalign                      
2000cf15  UARTCC32XX_control            
2000d007  Board_initHook                
2000d009  mainThread                    
2000d0f1  free                          
2000d1d5  UARTCC32XX_write              
2000d29f  PowerCC32XX_initPolicy        
2000d2a1  GPIO_init                     
2000d425  UARTCC32XX_readPolling        
2000d4df  UARTCC32XX_init               
2000d7ad  IntEnable                     
2000d855  PowerCC32XX_configureWakeup   
2000da41  SemaphoreP_pend               
2000dae1  __aeabi_memcpy                
2000dae1  __aeabi_memcpy4               
2000dae1  __aeabi_memcpy8               
2000dae1  memcpy                        
2000dc15  __aeabi_uldivmod              
2000dcab  _nop                          
2000dd3d  HwiP_construct                
2000ddc9  IntPendSet                    
2000de51  PinConfigSet                  
2000ded9  Power_init                    
2000dfe1  Power_setDependency           
2000e0dd  GPIO_hwiIntFxn                
2000e2b1  __TI_decompress_lzss          
2000e319  UARTCC32XX_writeCancel        
2000e381  PowerCC32XX_setParkState      
2000e3e5  UARTCC32XX_writePolling       
2000e447  clkFxn                        
2000e449  PRCMSysResetCauseGet          
2000e4a9  GPIO_setCallback              
2000e561  GPIO_write                    
2000e5b9  PRCMPeripheralReset           
2000e611  Power_releaseDependency       
2000e6bd  PowerCC32XX_resumeLPDS        
2000e711  ClockP_doTick                 
2000e711  ClockP_sysTickHandler         
2000e761  SemaphoreP_construct          
2000e7b1  GPIO_enableInt                
2000e7fd  PowerCC32XX_parkPin           
2000e895  FlashDisable                  
2000e8dd  PRCMLPDSEnter                 
2000e925  PRCMPeripheralClkEnable       
2000e96d  Power_releaseConstraint       
2000e9b5  RingBuf_put                   
2000e9fd  ClockP_stop                   
2000ea41  PRCMLPDSRestoreInfoSet        
2000ea85  PowerCC32XX_enterLPDS         
2000eac9  SemaphoreP_post               
2000eb0d  SwiP_restore                  
2000eb51  UART_init                     
2000eb95  __TI_auto_init_nobinit_nopinit
2000ebd9  ClockP_construct              
2000ec19  PinModeSet                    
2000ec59  RingBuf_get                   
2000ec99  UARTCC32XX_read               
2000ecd9  UART_open                     
2000ed19  ClockP_destruct               
2000ed55  Power_setConstraint           
2000edcd  PRCMLPDSEnterKeepDebugIf      
2000ee3d  initVectors                   
2000eead  UARTCC32XX_readCancel         
2000eee3  __aeabi_idiv0                 
2000eee3  __aeabi_ldiv0                 
2000eee5  ClockP_getTicksUntilInterrupt 
2000ef19  ClockP_startup                
2000ef4d  PinModeGet                    
2000ef81  PowerCC32XX_restoreParkState  
2000efb5  ClockP_start                  
2000efe5  PowerCC32XX_restoreParkedPin  
2000f015  PowerCC32XX_getParkState      
2000f041  HwiP_create                   
2000f06d  PRCMPeripheralClkDisable      
2000f095  Power_registerNotify          
2000f0e5  List_put                      
2000f10b  List_remove                   
2000f131  HwiP_dispatch                 
2000f155  PowerCC32XX_reset             
2000f179  _c_int00_noargs               
2000f19d  HwiP_destruct                 
2000f1bd  Power_unregisterNotify        
2000f1dd  RingBuf_peek                  
2000f21d  PinToPadGet                   
2000f239  SwiP_disable                  
2000f255  __TI_zero_init_nomemset       
2000f28d  ClockP_create                 
2000f2a7  SemaphoreP_createBinary       
2000f2c1  resetISR                      
2000f2d4  resetVectorAddr               
2000f2dd  Power_getTransitionLatency    
2000f2f5  Power_idleFunc                
2000f30d  UARTBusy                      
2000f325  UARTIntEnable                 
2000f33d  UART_Params_init              
2000f355  __aeabi_lmul                  
2000f36d  PRCMHIBRegRead                
2000f383  PRCMHIBRegWrite               
2000f399  SemaphoreP_create             
2000f3af  CPUcpsid                      
2000f3c5  HwiP_inISR                    
2000f3d9  IntVTableBaseSet              
2000f3ed  Power_disablePolicy           
2000f401  Power_getDependencyCount      
2000f429  HwiP_Params_init              
2000f43b  RingBuf_construct             
2000f44d  main                          
2000f45f  Board_init                    
2000f46f  ClockP_add                    
2000f47f  ClockP_delete                 
2000f491  ClockP_getCpuFreq             
2000f4a1  ClockP_getSystemTicks         
2000f4b1  ClockP_setTicks               
2000f4c1  HwiP_delete                   
2000f4d1  HwiP_restore                  
2000f4e1  Power_enablePolicy            
2000f4f1  SemaphoreP_Params_init        
2000f511  HwiP_disable                  
2000f51f  HwiP_enable                   
2000f51f  NoRTOS_start                  
2000f52d  RingBuf_isFull                
2000f53b  __TI_decompress_none          
2000f549  Power_getConstraintMask       
2000f561  ClockP_Params_init            
2000f56b  ClockP_isActive               
2000f575  IntMasterDisable              
2000f57f  UART_read                     
2000f589  UART_write                    
2000f593  malloc                        
2000f5ab  UtilsDelay                    
2000f5b1  ClockP_setTimeout             
2000f5b5  HwiP_post                     
2000f5b9  SemaphoreP_delete             
2000f5bd  _system_pre_init              
2000f5c1  C$$EXIT                       
2000f5c1  abort                         
2000f8d0  PowerCC32XX_module            
2000fa3c  parkInfo                      
2000fb40  _lock                         
2000fb44  _unlock                       
2000fb50  SemaphoreP_defaultParams      
2000fb58  HwiP_key                      
2000fb5c  HwiP_swiPIntNum               
2000fb60  ClockP_tickPeriod             
2000fb68  gpioCallbackFunctions         
2000fb6c  gpioPinConfigs                
2000fd18  PowerCC32XX_config            
2000fd5c  UARTCC32XX_fxnTable           
2000fd84  UART_defaultParams            
2000fded  CONFIG_GPIO_LED_0_CONST       
2000fdee  CONFIG_UART_0_CONST           
2000fdef  UART_count                    
2000fe58  GPIOCC32XX_config             
2000feb8  UART_config                   
2000fec4  outPinTypes                   
2000feda  inPinTypes                    
2000fee0  outPinStrengths               
2000fef0  PowerCC32XX_contextSave       
2001001c  uartCC32XXObjects0            
200100f8  ClockP_ctrl                   
20010120  __TI_static_base__            
200101e0  __TI_Handler_Table_Base       
200101ec  __TI_Handler_Table_Limit      
200101f8  __TI_CINIT_Base               
20010208  __TI_CINIT_Limit              
ffffffff  __TI_pprof_out_hndl           
ffffffff  __TI_prof_data_size           
ffffffff  __TI_prof_data_start          
ffffffff  __binit__                     
ffffffff  __c_args__                    
ffffffff  binit                         
UNDEFED   ITM_flush                     
UNDEFED   ITM_restore                   
UNDEFED   __mpu_init                    
UNDEFED   _system_post_cinit            

[190 symbols]
